type octile
height 256
width 256
map
@@..@.......@@.....@....@..@T@.@....@.......@@...@@@@@...@...@...@@@@@@@...@......@@@.@@.@.@.@@..@.@..@TT@TTT@@...@@....@@@..@.@TTT@@@.@..........@T@..@TTT@@.....@..@...@.....@.@.@@...............@..@T@TTT@.@..@...............@@@.@...@@..@.....@....@...@@.
@.....@@....@@.@...@...@.@..@@...@......@@..@T@..@@@@...@.......@.@@@..@...@...................@......@@T@TTT@@@..@.@...@.@.....@@@TT@..@.@..@.@@..@....@TT@@@.@....@.....@@........@@............@@@...@@@@T@......@..@........@..........@@.@.....@@@@...@..@.
...@.@........@@.@.@.......@.@.....@@@.@...@.@@..............@....@@.@....@@@@@......@....@@...@.@@.....@TT@@@.@...........@..@...@@@..@...@.@..@......@@@@@....@..@..............@@.....@@@.....@T@...@.@TTT@.@..@.@@.....@@...@...@@..@@....@.........@....@..
..@.@@....@.@.@...@....@@.....@.@.........@@...@.....@.@@.@...@.@@.@...@@.@...........@@....@....@T@@..@TT@@@@...@....@@..@@.@T@.@@@.@.@....@......@..@.......@......@@@@......@.@.....@@......@@T@@.@@...@T@.@@.@.........@.......@..@.....@.@..@@..@@@.....@.@
......@..@.@.@T@@...@@.@....@...@.@.@...@@.@.@....@@..@.....@.@@....@@..............@.@@.......@..@....@@@...@..@.....@@...@.@@...@.......@..@...@.@....@......@@.@.@..@..@.....@.......@......@@@.........@......@.@.....@..........@@@..@.@..@.@...@T@.....@..
.....@...@.@.@@.@..@.....@..@@@...@.............@.......@.@........@@T@..@@@.@....@@..@...@......@....@......................@.........@......@@....@@..@@.@.@.@..@....@........@@@......@...@@...@.@...@.....@.......@.@...@.....@......@.@...@@@....@...@.....
@..@.....@.@.@..@@.@@..@....@..@...@..@.@..@.@.@.@.@@..@......@@...@T@...@..@..@.@.@....@.@..@.@@@@@......@........@@@...@@@@..@@.@...@@...@.@....@@@..@.....@.@@.@......@.........@.......@.@...@@.@@@.@@.......@@@.....@....@..@..@@@.@.........@.........@@@@
....@@@..@......@.........@...@.....@..@..@@.@...@..@@.@..@..@.....@TT@@.@...@@@@.....@.@@.......@..@@...@@..@.......@.@.......@T@.@.@...@@@....@@TT@@@@.........@.@@........@@@.@...........@@@.....@.....@....@..@..@....@.@.@........@@.@..@@..@.....@.......
.....@@..@.............@.@.......@..@.....@..@.@..@...@.@@..@@...@@.@@.@..@...........@.@...@@@.@.......@TT@.@@..@.@@...@.@..@..@..@.@.@......@.@T@@@@.................@@...@.@....@........@.@..@..@@............@....@...@.......@@......@...@.@T@@@.@@.@.@...
.@@@.@.......@@@@@..@....@.............@.........@..@...@....@..........@...@........@@@@.....@@@.@.....@T@..@..@.....@.......@....@@.@@...@.@..@@TTT@@....@@......@...@.@@@..@.@@..@..@..@@...@.@@..@....@.@@@@.@....@@..@.@.....@@T@@@@@.@@.@..@@T@@.....@...@
.@@...@.@..@@..@....@..@..@......@.@....@.@...@.@@.@......@@............@.@...@.@@@......@.@............@@@@@..@T@.@@.......@..@@@....@@.@..@....@TT@@@..@@.......@....@..@....@@@..@.@.....@.@.........@...........@....@.........@T@....@@@....@.@@.@.@.......
....@@T@...................@......@.....@@....@...@.@@@.@.@@@....@....@..@....@.....@.@...........@@...@.......@TT@T@.@.....@..@....@..@..@......@T@.....@.....@..@.@...........@..@....@...@...@............@...@..@.@..@.@.....@@@T@.@..@@..@....@....@.@.@..@
@.@...@@..@..@....@@@..@....@@.@...@.@.@.......@.....@@.....@@@..@@......@@@..@..@......@@.@@@.@@.@@.....@.@...@TTTT@@@.@...@..@......@.@..@.@...@@@.@@..@....@@...@@@@@@@.@...@.@.@.@.............@@..@@...@T@..@@.@.....@T@...@...@...@@......@@.@@@@@........
@@@.@..@....@..@.@@..@..@..@.......@..@T@@@@@.@.@...@...@...@....@.@...@@TT@@.@.........@....@.@..@.......@...@@@@T@...@..@.@....@@@.@@..@..@T@.@@T@@.@@.@@.....@.@@...@.@...@@.......@..@@...........@......@.@.....@...@TTT@......@.....@.@...@@.@@@..@.@@@@..
.......@....@@...@..@@....@@...........@...@@.....@.....@...........@@.@@@@.@@T@.@..@..@.......@.....@..@@.@...@@@@@@.@@.@.....@@....@...@.@T@T@TT@.@...@.....@.@....@.@.@.@.....@.....@....@.@..@.@@.@....@...........@..@T@..@..........@@....@T@........@@@..
.@..@.........@@@.......@@@....@.@@.@.@@@.....@.......@@.@.@....@@..@.........@......@@@@.....@.......@..@...@..@........@........@..@..@@.@@.@@TT@........@.....@@@...@....@@..@@.@..@..........@.@...@..@@@@@@...@......@T@@..@.@@.@@.@.@...@@.@....@@@..@@...
...@.@....@@@@.......@@.......@........@@..@.@.@....@@.@..@@...@@@@@.@..@........@..........@....@.......@@.@.@...@.@.@.@..@@..@@.........@@..@TTTT@...@......@...@.@...@..@..@.@...@.@.@.@@.@....@...@@...........@@...@@@@T@.@..............@..@....@.........
@@.....@@.@....@@..@..@..@.@@........@......@..@...@.@.@..@@@......@..@.....@..@..@..........@...@.......@......@...@...@@......@.@..@..@@T@...@TT@...@@@..@...@.....@@........@T@..............@.@....@@@..@....@@T@..@TT@T@..@@@...@...@..........@.........@.
......@....@@........@.....@@.......@.......@...@.@......@..@..@..........@.@@@@.@.@.......@....@@@.@...@...@..@..@@...@T@....@@.@.@....@@@@...@T@T@.......@....@..@.@..@..@...@TT@@.@.@....@.@@T@.@......@@@@@@@.@@....@TTT@@@@...@...@@T@..@..@@@..@...@......
@..@.@.@@@.....@.@@..@@@...@...@@....@.@....@..........@...@.@@.............@....@.....@.....@..@...@.@...@@.@@..@..@.@T@.@@...@.@..@.@...@.....@.@...@....@...@@@@..@.....@@@..@T@..@@@.@......@..@@@.@@@.@.@....@.@...@@T@..@.@@..@....@.........@...@..@@.@@.
....@.........@....@.......@.@@@T@..@@.@@@..@@@@....@@@......@@.@@.@....@....@..@.@@....@...@..@.....@.@@....@T@@@...@T@..............@........@....@.@.....@...@...@@@.@..@.....@.....@@..@..@..@...@.........@....@...@@T@.@..........@.....@.....@.......@...
........@............@.@@@..@@.@@...@@...........@......@@@@........@.....@@.@@.....@............@.......@@...@....@@T@..@.@.@@...@.@.......@.....@......@@..@.....@@..@..@....@....@........@..@.@.........@....@@.@....@@....@.@...@.@.@@@@@..@...@@..@..@T@@.
@..........@...@...@....@T@.@@....@...@.@@.........@.....@@.@@...@....@...@..@.......@@.@.......@.@..@......@.@......@..@@@@@...@.........@.......@....@..@.@.@....@........@....@...@.@..@.............@.....@.......@..@@@...@...@@@.....@....@......@....@@..
..@..@..@..@....@.@@.....@@..@.@..@@..@..@........@.@@..@...@@@.....@.@@...@...@.@....@...@..@@.....@@..@...@@...@@....@T@T@..@@@.....@....@@.....@..@.@.@.....@......@...@@@.@....@@@@...@.@...............@@...@@.@.......@@@@........@.@T@.....@.@.@.....@..@
@.@....@@...@.@@..@...@@.......@@.@@.@T@@@....@@@@........@@@@@.@..@@....@..@...@....@...@.@...@..@...@.................@.@@..@....@.........@.@.@@..@..@..@@....@@.....@.............@.@..@......@.@...@....@@...@......@@.@.@@...@@..@@@TTT@.@......@.....@...
............@@..@...@.@...........@.@.@.....@.......@..@@@..@..@..@..@...@.....@@@....@......@...@@@@@........@@.@@...@@@.@...@@@@@@....@....@@@..@..@.@..@.@@@..@.@....@.....@.......@..@.....@..@...@@..@......@.@...@...@..@T@.@...@.@.@T@.@.....@@....@.....
..@.....@...@..@@..@@...@@@@.@.@.@....@@................@..@@.....@....@..@.....@.@..@@....@..@@@.....@...@@@.....@..................@......@.@....@.@@......@.@.@....@.......@@....@@..@........@......@.@@@..@......@@......@@@....@@....@...@@@..............
@@@..@..@.@@.........@@.@@.@..@@...........@..............@...@.@@@.@.@...@.....@..@@@..@@..@.....@...@..@@...@@.....@...@..@@....@...@...@.@.@@......@..@@.@...@.@....@.@@........@@..@@@.@........@......@.........@.....@@.....@.......@@.......@.@.@........
............@...@@......@.........@.@@@@..@....@.@@@.@........................@.......@.....@@@..@@.@@.@....@......@@........@...@@...@.....@...@...@........@.@..@@.@@..@@.........@@......@.@.@....@.@@@...@@..@@@.@.@@.....@.@.@@....@@@..........@..@@.@...@
...@@.@.@@....@...@...@@..@...@.@.@...@...@@.....@..@.@..@@...@@..@@.....@..@@....@@.......@.@.......@...@..@.......@@...@....@......@@...@...@@@....@...@......@...@@@.@.....@@..@@@@.@....@.@..@....@...@..@......@...........@...@.@@@.@.@..@.@@............@
...@....@@.@.@@.@@@..@TT@.@@......@..@@@...@...........@.@T@......@.......@..@..@@.@@@........@..@@.......@@....@...@.@@....@.@....@.@...@@..@@........@@@..........@@.@..@@@.....@...@@..@@@.@@....@.@...@.@@.@..@@..@.............@......@..@....@@@@@@.@.....
..@...@.@.......@....@@@@@.@...@@.@.@T@.......@.@..@.....@@@........@...@......@.....@..@@@.@@@.@..@......@...@..@......@..@@.@@..@........@@..@@.....@@.....@..@@.@.@..@@@....@@.@@..@....@.@.....@.@....@..@..@.@.@..@..@..@.@...@@@@@.@...@..@...@..@.@.@.@@.
...@...@.@...@..@@@@@@..@...@@.@@.@.@@..........@........@@..@.........@@@.@@...@@@........@....@.....@@@..@....@.........@@...@............@..@@.@.@..@.@.......@@...@.....@...@....@..@........@....@..@..@@@...@...@....@.@....@@@...@..@...@...@...@...@@@@.
@@.@.@.........@....@.......@.@@......@@........@...@....@...@@.@...@@.@T@@@@..@T@...@....@......@.............@...@...@@.@..@.......@.@....@@............@...............@@...@...@....@.@@...@@..@@......@........@...@...@@...@.@...@......@.@.@...@...@@@T@.
TT@...@@...@..@.@.@...@@@...@.@......................@@.@.@.@....@.....@@T@TT@..@.....@......@...@..@...........@...@..@..@@@.@......@.@@..@@T@..@@...@....@...@.@@@.@..@@@..@@@.....@....@@@..@...........@.@.@@@.@T@@..@.....@@..@..@..@...@...@....@.....@@..
@T@..@..@.......@@@@@..@T@.........@.@@..@.@...@...@....@.......@T@@...@TT@T@.....@..@...@....@..@.....@....................@........@@@..@@TT@..@T@...@.@.@.@..@@.@.@@..@@...@..@@.@...@.....@@....@......@..@@@@.@T@@@.....@....@..@..@......@...@..@..@..@...
TTT@...@@@@..@..@@.....@@.....@.@@...@@@....@.@T@.@@.......@...@.@...@..@@@@......@.@@@@...@.@..@..................@.@@@..@@......@...@..@.@T@....@T@..@@@...@................@........@T@.@.@.....@.@........@.@T@T@...@@...@...@@......@.....@@...@@....@.@...
@@T@.......@........@@....@......@@..@.........@@.......@........@..@@.@TT@@@.@..@T@...@@@.@.@..@.@....@..@..@..@@..........@..........@...@@.@@.@@TT@...@@.......@.@@..@.@...........@@@@...@.@..@........@....@TTT@@..@...@@..@........@.......@.@@..@@..@..@@
@.@.....@@.@........@....@@..@@...@.....@.@.....@@@..@@@@..@.@....@.@.@@@@..@@....@@@......@.@.....@.@..........@.@..@.@...........@.@.....@......@@@..@@...@..@.@.....@@.@.@..@...@@..........@...........@.....@T@.......@@...@@...@...@@@.@@.@..@.@@..@..@..@
..@..@..@...@@....@@.@..@....@..@........@.@.....@..@@...@.@.@..@..@.........@..@......@....@@..............@.....@.............@.@...@@@...@.@@....@@@.@.....@@..@@..@..@...@@..@......@@.@..@..@@......@@@...@..@..@.@.@......@@@...@.@@..@.@...@...@.@.@...@T
.@....@..@.@..@.........@....@..........@@...@...@@.............@......@...@........@.@.@.@.@@.@@@..@@...@..@.@@@.@.@..@..................@.@..@@..@......@...@@@.....@..@@.@T@......@@...@.@.@...@......@@.................@.@..@.@...@@@........@........@...@
..@.....@@......@.....@...@.@..@@..@.........@...@T@.@.......@.......@.@.@@@..@..@.@......@@@..@...@..@..@@...@...@.......@.@.....@.@..........@T@@@@........@....@@....@....@@@...@@..@@@..........@.....@.......@@@...........@@..@...@...@.@.....@........@@@
.....@@....@....@.....................@.........@@@.....@...@.....@.@.@.@T@.....@.@.@...........@......@@..@@..@.......@@.@.@@@@.@@...........@TT@@...........@.@.@@......@.@T@@@..@....@.....@@........@...@@.@.@@..@.....@.....@.......@......@@..@...@...@@@T
@..@@.@.@..@..@.@.@..........@..@@.....@..@...@.@@...@@.@@.@@@..@........@..@@@.............@..@@......@...@@...........@@.......@............@@@.....@.@.@...@...@.@@..@....@@@..@T@....@@..@.@.....@@@...@@@@.@....@...@@@.....@@@.@@@....@..@@.@........@@.@T
.......@.@...@....@@.....@...@..@.....@...@........@..@.@@..@@@........@@.....@....@@..@@@..@@.@..@..@..@...............@..@.@...@...@.....@.@@...@....@@..@.@@...@..@@@....@...@..@T@.....@@@..@...@TTT@@....@.@.@.....@..@@..@.@@@.@..@...@..@......@...@....@
@....@@..@..@............@.@...@.@@.@......@..@@@.....@@.@...@T@..@.@............@...@....@....@@.....@@.@@..@@.@@.........@@..@.....@..@...@.......@@@....@.......@.@..@@.....@....@.....@....@.....@@T@.......@.@..........@@........@@...@.......@..@.@@.....
.....@@..@.@..@...@@@@...@..............@.@@.............@....@....@.@.@..@@.....@...@......@...@...@.@@..@@@....@@..@..@.@...@..@.@..@.@...@.......@.........@..@............@....@..@..@T@@...@@@@...@..@.@.....@@....@.@..@@......@@......@..@...@@@.@.......
@@........@.....@..@@@..@@.@..@@.@....@.....@@.....@..@....@......@..@.@..@..@..@@..@...@@.@.@...@.@.@@...@..@@..@....@..@@....@...@@.........@.......@.@.@..@.@..@@....@..@@......@.@...@TT@.@@.@T@..@@..@@..@@......@...@.@@..@.@.....@....@@.@@..@.....@...@.
@..@.@........@.@...@.....@..@@......@@@.@.@.@.@@..@...@@@..@........@..@....@@.@@..@.@@.@.@....@@.....@@...@..@.@....@.@.....@........@@......@@.@....@.@.....@..@.....@.............@@..@T@.@...@...@...........@@..@@@@..@...@@....@......@@.......@..@@....@
..@@@@@..@.@@.......@..@........@...@...@..@....@.@.....@.@@..@.@....@....@@@...@T@...@........@..@..@..@.@@@....@.@..@@........@@..@..@...@@.@T@.........@.@....@..@..@@.@....@....@.@....@....@..@.@@@@.@..@...@@...@..@.......@.@...@...@.@@@@..@...@..@..@..
.@TT@T@.@..@.....@....@...@@.......@....@.@@.....@@...@...@...@.@........@.......@@..@@......@@.@.@...@...@.@.@...@T@......@@.@.....@...@...@@T@...@..@..@.....@..@.@....@.......@@....@.@.@.....@@T@.@.@@@....@@...@@@@..@.@..@@@....@...@@..@....@@....@..@T@.
@.@@.@@..@...@.....@@.@.@......@..@..@..@...@..@.@@..@@.@.@@@.@@T@......@.@..@@..@.@....@...@.......@..@....@....@TT@.@.@...@@@..@..@.@.@.@.@.@..@......@..@..........................@....@..@..@.@@.....@@@.......@......@......@@@@..@......@.....@@@@@.@T@..
.......@.@......@.@......@@.@.@..@....@....@.@..@.@.....@...@@T@@.@.@.....@.@......@@.@......@..@@.......@...@@..@TTT@.....@@@@...@..@............@@....@..@@@...@.........@.@.@....@@T@@@.@...............@@..@.@...@........@@.@T@..........@..@.@....@..@@..@
..@@.@...@.@.@.@@...@@.@...........@..@@..@@.......@@......@@@@@....@...@..@..@@...@.@...@..@....@@..........@...@TT@@.....@@.@..@....@@@@...@.......@.......@.@@..@.....@@......@..@@@........@....@.....@@..@@.@.@..@..@..@.....@..@.....@.@@..@.@.@...@@.@..@
.@T@@....@...@.@.....@.@@@....@.....@..@...@......@.....@.....@...@.@.@..@@.....@.........@.@.....@@@@@....@@..@..@T@@..@@.@.....@.@.@......@...@...........@...@..@.......@@.....@.......@........@..@@.......@...@......@........@.......@@............@....@T
..@....@@...@.@T@....@@.....@.@....@...@@..@..@.........@@@...@............@@........@.@.@.@.....@T@@....@...@.....@@@....@.@...@@...@@..@....@..@....@.@...@.@.@@..................@.@...@.....@.@.......@@.....@..@..@.@..@@.@.@..@@..@.......@.@...@....@@@.@
@@..@.@@......@T@...@@............@....@......@...@.....@...@@@.@.@.@....@......@@..@....@..@@@...@.....@@.....@@@.....@.@@..........@...@...@.@.@.@..@.@@.@..@.@.@@........@..@@.....@@.@T@@@...@..@@..@@@.@@.@.....@...@...@.@.....@....@.@@......@...@.@T@...
...@T@..@....@.@............@@.@@..@...@..@.@..........@@.@..@@..@...@.....@@..@......@.....@@.@......@...@.@.@@@....@@.........@...@...@.@..@.....@@@@@....@.....@@....@..@@..@..@@..@...@...@....@@..@.@...@.@.@.....@..@.@T@@....@...@..@....@.....@....@...@
...@T@.......@.......@.@@....@..@..@@....@@@@@..@..@@...@@@.....@....@..@..@@@.......@....@..........@@@......@.@...@@.@@@.@......@@.@.@....@@@....@.@....@@....@@T@...@.....@@.....@.....@..@.@.@....@@.@@@......@.@@@....@.@@@@..@.@...@@.@.@.@@.@....@..@.@..
.@..@.@@..@..@....@.@@......@@........@@@@..@@.@@...@@@.@@..@...@.@..@...@...@@........@@..@...@..@...@.......@....@@...@T@@.@...@......@@.@.....@...@@.......@...@....@.......@......@......@.....@...@....@@.....@..@@.@...........@....@..@@.............@...
.@@@....@.@@.@.......@@.....@..@.....@@.@.....@TT@@@.@..@..@..@....@.........@@@.......@@.............@.@....@.@....@..@TT@.....@@.@.....@..@@......@@@@....@@..@@..............@@...@..@...............@.....@@....@.@.@.......@..@....@....@...@..@@..........
@TT@..@..@@@..........@@@.........@@@@......@@TT@..@........@.@.@.@@.....@@.@T@@.@@@.@.@.......@@@..@@.@..@..@.....@@.@@TT@.@....@...@.......@@......@.@......@...@@@..@.@@..@@.......@..........@.@..........@..@@...@...@....@..@@..@..@..@T@..@.@..@.........
T@@@....@..@..@...@.@...@.@.@..@@..@@.@...@@..@TT@.....@....@..........@..@@@@.@....@@.@.@@..@.@T@.........@.@..@@......@T@.@..@...@.@.@....@.@@@@.@.@.@@.....@..@....@@.@....@.@@@.......@.@.........@.......@..@...@..@..@.@.....@..@......@@@@T@.@..@@......@
@..@..@@@.....@...@.@...@.@@...@......@.@@.@..@T@T@.@@@....@@.@.@@..@@@..@......@@...@.@@..@....@@.@@...@..@......@..@@@T@...@@..@.@@@@..@@.@........@..@......@..@.@......@@@..@...@@.@.@..@@@.........@@..@...@@.@......@.....@..@........@@@..@@.............
............@...@..@.@..........@....@.......@.@T@...@...................@@.@@..@......@@.@.........@@.....@.@.@@..@....@@@.@@.....@@....@....@.......@.@@@@...@...@..@....@@..@.......@......@......@..@...........@.@.@@T@...@.........@..@.....@........@.@@.
........@@@..............@@.....................@..@......@.@.@..................@@...........@......@......@@.........@T@...@.@@@.@...@.@....@...@.@.......@.@T@....@..@...@.........@...@...@.@......@@@@.@....@@.....@TT@..@@....@@....@............@.@@...@@
.@.....@@.........@@@..@@.@............@..@..@....@............@.......@@.@.@.....@.@...........@@.....@..@@..@.@...@.@.@..@....@......@...@.@@..@..@...@.@@...@........@.@..@.@@...@...@...@@.@......@@.....@...@..@....@@.@.@@.@...@@...@....@..@......@.@@.@@
.@.@....@....@..@..@.......@.@@..@............@..........@..................@....@.......@.....@.....@...@T@..@.@...........@...@@...@@@...@.@T@@.......@@.@..@...@.@.@......@..........@......@@.@.@@@T@@@...@.@@@..@@@@........@............@@@...@@......@...
@@......@..@.@.@.@@.@@.@...@@.@.@..@....@...@.@...@..@..@.@..@.@@.....@..@@....@.@@.@.@.@...@..@@.@..@....@.@......@..................@.......@@..@..@.......@..@.@......@.@....@@..@.@.@..@.@......@@.@@@T@.@..@..@.@.@..@..@..@@.@...@@....@.@....@.@@@@.@@..@
@@@@@.@..@........@....@@.@T@..@........@....@@.@.............@...@...@.....@.@..@...@@.....@..@T@.@@..@@....@@.@...@@@@.....@@...............@....@..@.......@...@..@.@..@@...@...@..@.@...@...........@T@........@.@...@.....@......@..@......@@.....@..@@@.@@
......@.....@@@.@@...@.....@@..@.@.@..@.......@.....@..........@@.......@...@............@......@....@@@@..@@.......@...@...@........@....@......@..........@...@...........@....@@@.@..@...@@...@..@....@@@......@......@.@@@@.......@..@.......@........@.@..@
..@.......@.........@..@....@..@..@..@.@..@...@@@.....@.....@.@.@@.....@..@@..@..@@@.....@..@............@......@......@...@..@..@.@@@@.....@...@T@.@@..@....@..@..@.@.@......@..@@@@@..@@.....@........@@@...........@....@..@.@@.....@..@....@@..@.@@.@.......
.@T@........@......@.@@.@......@....@.....@@....@...@.@@@.@@..@..@@.....@....@...@...........@.......@@.@.........@@@@.@....@@......@.@..@...@.@.@T@@@...@........@..............@@@@.......@@....@....@...@.@.............@@.@....@..@@.@.@.....@...@.@@....@..
..@..@@..@@.@.@@.@.@........@.@T@.@@T@@@....@@...@.@.....@...@.....@...@...@@.....@.@....@......@@.......@....@.......@T@@..........@..@@...@..@..@......@..@..........@@.@@@.@..@....@.@..@..@......@.@@@......@......@...........@@.......@@@..@..@@.@@@......
.@.....@@...@@........@....@@@.@@..@@T@@...@T@....@..@..@.........@.@.@....@.@...@T@@@.........@T@..@@@@.....@.@.......@....@@@...@..@...........@@....@.........@............@.@...@@T@@@@@.@.@...@.@................@......@.@.@@.@@..@...@.....@@T@......@...
..@@.@....@..@.@.@@.@@..@..@...@..@.@@....@@T@@..........@@@.....@..@@T@.....@....@....@@@.@@@.@@...@@.........@....@...@.@@@....@@.......@.@@@@..@....@@.....@.@......@..@..@.@......@@TTT@.....@...@........@.....@@..@..@....@T@.@...@@@..@@.....@...@@@@...@
@@.@..@....@....@.@@T@......@.@...@.@..@....@T@@...@@.@@@.....@.......@@@..@.....@.@@@...........@@.@..@..@.@@@..@.@...@@.....@.@@....@.@....@TT@@@.@@.@.@......@...@@.@...@............@TTT@@..............@@...@.....@.@..@@.@.@..@@.@...@..@.....@...@.@.....
..........@@@.....@.@@@.@...@..@.@...@.@.....@T@.@@@.......@.......@..@@..@..@...@......@@.@.@@.@.@.......@@..@.....@.....@.@......@........@@T@..@@..........@@...@...@....@....@@@...@@TTTTT@......@.@@.@..@@@....@........@...@..@.@..@.@@...@.@.@.......@..@
.......@.@...@....@.@..@..@.@.....@...@@....@.@..@..........@...@...@@........@@....@.....@T@.@@@..@.@.@.@.........@.@@.@@.@..@.@.@.@..@@.@...@.@.@.@......@@@..@...@@......@@.@@@.......@@TTT@....@....@....@@.@......@.......@.....................@.@.@.....@
..@.@@@T@.@.@@......@...@@@...@@.@...@..........@..@.@..@.@..@@@...........@...@@..@.....@.@..@@@...........@.@@..@....@@@..@@@......@.....@.@.............@@...@...@......@.@....@..@.@...@@@.@..@@.@@.@@...@@.@.@.@@@....@@.@......@...@@....................@
.....@.@..@.@......@....@....@@...@...@@....@.@...@@.@.@@....@...@.@@..@.........@@@........@............@@@.@@.......@T@...@.@@@..@.....@..@..@....@.@.....@..@.@..@..@.@.......@..@.@@@.@.....@.@...@@.@@.@...@..@@.......@@.........@@.@@@@...@..@.@.........
..@@.@....@.@...@@.........@.....@.@.....@@.@..@@@@...@TT@...@.....@.@.@@@...@@@..@.@@.@@...@@...@..@@@@@@T@..@........@.........@@@..@.@....@.........@.@.....@..@....@.@@...@.@@......@.@.@...@....@@..@@.......@@..@.......@.@..@.@.@......@.@@.@@@@...@.@.@.
.....@@@......@..@@@.@@..@..@@..@@.......@@....@..@@...@TT@.......@@..@@..@..............@@.@.....@...@@..@....@.@..@...@...@@..@TT@....@..@.@@...@......@..@.....@.@..@@.@.@@@....@.......@.........@.@..@@......@T@@....@..@..@.@.@...@.@..@...@@.@....@@.@@..
..@@....@.......@..@@....@@.@@@....@.....@@.@.@T@..@..@TT@...@@.@@...........@..@...@@.....@@........@@...........@@.@......@...@@@T@..@..@..@@.@@@@@.....@.@@@....@......@.@@.........@.........@.@....@.@.....@..@............@@......@@..@..@@.@......@@@....
...@....@...@@@..@..@...@..@.@.....@........@@T@@..@...@@.......@@@..@.@@...@@....@.@@.@@....@.@.......@.@@.....@.....@@.@....@@.@T@.@....@..@.@@@.....@..............@..@@..@.@.@.....@.....@@@........@...@.@@@..@........@.@@@..@..@.@...@@....@@.........@..
..............@@....@...........@@@..@@.......@......@..@@..@.......@T@T@@@@...@..@.........@T@...@..@..@@....@........@@@@@...@..@.................@...@..@@..@@..@....@T@@@T@......@@@@.@@.....@..@...@@.@..@T@.....@...@...@.....@@@@.....@..@..@@....@@@.@..
..@.@...@..........@T@...@......@.@...@....@....@@..@@@@@..........@T@@T@........@...@...@...@@...@...@......@.........@@@........@....@@...@.@.....@.@@....@.@..@...@@.@T@..@.@@@....@T@.@@....@.@@.@.@..@...@T@@.@...@...@@@@@...@@.@..@.@..@.......@@@@@.@...
........@....@@....@@......@@...@..@@@.@@@@@..@@@@.....@..@.@.@.@...@@.@.@...@.@.....@.....@........@.@@..@....@..@.@@@.................@@@@.............@...@.....@.....@.@.@....@.@..@....@...@.@..@.@..@@@@.@.....@......@@....@@...@............@.......@.@@
...@.....@@.@...@@.@..@......@.@.@.@.@...........@...........@............@.@...@.@@@@..@@...@......@@.....@.....@@......@@........@...@..@T@@@@..@@.@@...@.@...@...@...@@.@.....@....@@@....@.@..@....@.........@@@......@......@...@..@.....@.........@..@...@
.....@@@@..........@..@.@@...@@@.........@......@..@.@.....@........@..@..@...@@T@......@.@.@@.@.....@@..@....@.@@..@.@@@......@..@..@.@.@@@.@....@T@.....@.@....@............@.....@.@.@@@.@..@.......@@@..@..@..........@@...@@......@.@........@........@....
......@........@..@...@...@.@.@..@....@...@@@......@..@@@@..@.@.......@.....@@..@..@@.@...@@T@..........@.....@........@..@@@.@..........@@...@.@@@@.....@....@@@.@.@.@........@..@.........@.@..........@...@@..@.@.@......@.............@..@....@.@@....@..@.@
.@@...@.@.@@@.....@@....@@..@.....@@....@.@.@....@.......@@............@..@........@@@@...@.@.@.@....@....@.......@...@@..........@....@@@.@@...@@.....@...@..@@@...@..@.....@...@...@...@@.@..@@@....@.@@@.@@...@@.@..@@@...@..@..@.@@@....@@...@......@@@..@..
..@......@@@.@.....@@@@.@@...@..@.@...@@.@....@@....@@@......@....@.@...@..@..@..@...@@@..@...@....@.@............@..@.@....@.@@........@..@@.@.@.@....@..@.@..@.@@@.....@....@....@......@.@......@.@.....@@@..@......@T@...@.@@.@..@..@@.@T@@.....@.......@@.@
.......@...@..@@@@..@..@....@T@.@........@.@@.@....@@T@.@.@...@@......@.@.@..@@.........@.@@@..@..@@@@@.@.....@@...@..........@..@@..@.......@.@..@.@@.@..@.@....@@...@.@.@.@..@..@.......@@..@@......@....@...@@.......@......@..@...@.@@..@.@.@@.@.........@..
..@@.@...@....@@@@..@........@T@....@@@.@.@....@..@..@.@...@@..@@...@...@@@.@..@...........@.......@...@.@..@.@@...@....@...@@..@......@.....@..@.@@.....@..............@.......@.@.@...@.@.@.@T@@.@...@..@.....@@..@.........@T@.....@.....@...@.@@...........@
..@...@..@.@..@....@.....@@.@@@..@@..@.......@..................@@.@...@...@@.@.....@............@@.@..@...@.......@...@@.@.@@@.@.............@...............@.@@.......@...@....@@......@....@@......@@@.@.@.@..@@..@@.@@...@TT@..@..@@@.@....@..@..@.@@......
..@.@@.@.@.@..@@@@@.@..@.@......@...@................@.......@@.@......@@.....@.@@@.@..@.....@.@..@......@....@...@...@...@@@.@..@....@......@@@@..@...@@.@@...........@.....@@.@..@@..@.......@......@@@@...........@@@......@T@@.@@@...@@...@@@.@@......@@.@..
.@..@@...@.....@.....@.....@.@......@@@.@..@.@@.@@@..@.@.......@.....@..@@@...@....@....@......@.@.@@@@...@@.......@.....@..@..@...@@@@..@....@...@.@.@.....@@........@.@.@.@.......@.@@.@@@@..@.@..@..@T@....@.@.@.@@@@@@..@.@@.@.@@..@@@@@..@....@.........@@.
..@@@.@@@@...@@...@..@..@.@.....@@@@..@@...@..@@@.@@.......@@......@@.@..@.@.@..@..@@.....@@..@...............@....@....@.@.....@.@@@@.......@@@.....@@......@@@.@.@.@@....@...@....@@...@..@...@..@@...@@.@...@.@@...@@....@..@..@...@..@@.@...@.@...@.........
......@TT@..@@@.@@...@..@.@..@@.@@......@....@....@@...@@...@.@....@...@@..@....@@....@@......@..@.@..@.@.....@@.@@@..@@.......@.@@T@.@.....@.@..@..@..@@.....@@..............@...@..@@....@...@.@....@@...@.@...@.@..@@...@......@......@@...........@........@
@@.@...@@.....@....@..@....@@@@@...@.@@@.@@@@.......@.@.@@@@.....@..@...@.@..@.@.@.@..@.@.@.@..@..@............@@@....@@@.....@@..@T@..@...@..@..@.....@..........@..@.@.............@T@....@@........@..@..@..@....@....@.@.@.........@..@.@.@.@.....@......@.@
...@....@@.@@..@@...@.@@@@.@@.@@..@..@....@@.@.@@........@@...@@@............@@..@.@.......@@..@.@..@......@.@..@....@...@@@......@@..@..@....@......@@...@@....@@T@.......@..@.@..@..@@..@@...@@@..@..@..@.@....@@@..@@..@..@@..........@@@..@...@..@.....@....
..@..@.@.@@@@......@...@T@.......@@@.@.......@.......@@...@@..@...@@...@.@.............@.@...@...@............@.....@...@TT@@...@.@@@.@@@T@..........@..@...@.....@..........@@@@.@@..@...@@@.............@........@@..@..@...@...........@@@....@......@.@.....
.....@...@TT@..........@@.....@@...........@@.@.@@.....@@@.........@..@...@...@....@.....@.@..@.@@...@...@.@.@.....@..@.@T@.......@@...@@@T@.@@.@@....@..@..@..@@@.....@.@.@@............@.@.....@.@.@@@.@@..@..@..@......@@.@.@.@.@...@..@@......@@.@.....@....
.....@....@@@@....@@.......@.@..@.@..@...@....@@.@@.....@......@.@.@....@.@..@T@....@@...@.......@..@.@.@.@....@.........@....@..@.@......@@..@..@@...@........@@..@...@....@.......@@@.@...@@.....@..........@.@@...@.....@...@@.@..@..@.@...@.@...@....@.@@.@.
.@....@......@.....@.@...@.@..@.............@@......@.@..@.@@.@@@..@@@@...@...@.....@T@..@@.@@.....@@..@..@....@......@..@@...@..@...............@.............@.@.@...@@@....@.......@@.@.@@.......@.@..@@...@@........@.........@......@.@@..........@.@...@@.
....@.@........@@.....@.@..@...@..@...@.....@.@.@@......@@..@@.@@...@@...@....@@@@...@@...@@@.@....@.......@...@....@....@..@..@.......@....@....@@@.....@.@@.@..@.....@@@..@.@...@@.@T@.....@.@.....@....@..@.....@@@..@...@@@....@.@.@.....@....@.@@@.@@..@@T@
.@...@T@@.@....@.....@..........@....@..@..@...@@......@........@........@@......@.@..@..@..@....@.@..@........@........@@.@@.@@@@..@@.@..@@T@..@TT@@....@.......@....@.......@..@...@@..@.@@....@.@.@.....@..@@.@............@......@......@@@@....@....@.@..@.
@.@.@.@....@..@....@..@.@........@...@..@.@..............@@...@........@@.........@@.@..@.@.....@....@......@@..@...@.@.@....@@@.@...@@...@@@....@@..@..@......@.....@@..@@@.........@@..@@..@...@.@@..@...@.@@..@..@..@.........@@..@...@.....@....@...........
...@.........@.......@........@@..@@@.......@@@@...@@@@........@....@....@.@@@...@TT@.....@....@.....@....@.@T@@@..@.@....@@..@.....@..@@....@....@........@@.@...@....@....@.@..@.....@.......@..@@.....@@@..@....@@....@@......@@.@@.@@..@.@..@...@.@.......@.
......@@.@..@.@.@@....@.@@.......@.@...@..@@.@....@@@..@@......@..@@..@.......@...@@....@@...@@@@@..@...@.@..@.@......@.@.......@..@.....@..@.@..@.....@....@...@...........@..@..@..@@...@.@@@.@@...@................@..@@.@..............@@....@.@.@T@...@....
.......@..........@@............@@....@@@.@@.@@...@@@..@.....@..@....@....@..@..@@....@.@@............@......@..........@......@...@..@.@..@...@.......@.@@....@@@.............@@@.@@.....@...@.@.......@@.@..@.....@@@...@.@.@.@@...@@@...@...@..@...@...@@..@@
@@..@......@@...@.@..@@@........@@....@.@.@................@..@@@...@.@...@...@@T@..@.@.@@.@......................@....@..@...@..@.@..@@...@......@..@.......@@@...@...@.@..................@.......@..@.@....@@...@@...@....@...@@.@.....@.@@.@.@..@@@..@.@..@.
@....@@......@@......@....@.........@.@.........@@.....@..@...@....@....@@..@...@..........@@@.......@.@...@...@@.....@.@.@....@...@..@........@@@....@@...@@.........@.@@@@@..@@..@..@..@..@.@@@@..@.@..@.@.....@.....@....@...@....@..@@.....@@....@..@...@...
@@.@.@@.@@........................@.@...@....@.@@.@.@...@.@.@..@@.@.@...@T@....@.....@....@....@..@...@....@............@@@..@..@@@@..@.@@@...@@...@@......@..@@...@..@.......@....@@@.@..@...........@....@..@...@@.@......@.@.@....@@..@....@.....@@@...@.@@..
@T@.@.@.@......@@.@...@.@.@..@@..@.....@@......@....@..@@@@.@@...@@..@@..@.@.@@@.@..@..@.@.@...@@............@@.@..@.@...@..@......@.....@...@@...@@@.......@....@..@...@...@....@@TT@.......@...@.......@.....@...........@.............@....@@@.@....@@....@@.
@T@.........@@@.......@@..@@..........@@T@@......@..@....@..@@....@........@@............@..@@@....@.@@.@....@@@...@..@@@........@........@..@..@@.@.@..@...@..@.@@.@....@@.@@....@@T@......@........@@..@.................@.@..@..@@....@.....@.@.....@..@@@..@
@@T@..@.@.@..@..@..@.@.@....@.@@..@..@..@........@..........@....@.@@@..@@@...@@@...@...@.....@@..@....@@......@.@.@....@@@.@@..@@.....@.@....@....@......@..@...@@...@.@TT@...@.@@@@...@..@.@......@........@....@..@.@.@@@@@.............@..@...@..@@...@@@@..
TT@.....@.@@.......@.@.....@....@......@.@...@.@...@...........@@...@..@.....@....@@...@@.....@.......@@.@.....@.....@.@.....@@.....@..@@.@@@...@...@@@........@.....@.@@@@T@..@..@@.@..@..............@@.@@.......@@T@..@T@@..@@.@.......@@@..@..@..@..........
TT@..@.@....@@@..@...@@..@.........@@@......@...@.....@.@.....@....@@...@@...@@...@...@......@.@@..@.......@@.@@@......@.@@...@@@@....@.....@.......@.@......@@...@.@..@...@.....@........@@..........@.@.......@....@...@@....@.....@...........@....@@.@@@@.@.
@@@.@...@.....@..@...@..@.....@@@@.@........@@....@..@..@...@.@.....@@......@@..@@..@...@...@...@@...@..@...........@.....@.@.....@......@@@......@@@..@.@...@...@....@@....@@..@....@.@.....@..@...@..........@..@.@.@.....@...@.......@....@...@@....@...@....
..........@@.....@......@@..@....@....@@.@@....@.@...@..@..@@..@.@..@...@..@......@....@@.....@@.@.........@.@@@.@..........@@@.....@.....@..........@......@@@....@.....@.....@...@...........@...@........@.@..@....@.@.@@@.......@.@@@@...........@@@....@.@.
..@......@@@@@@.@..@......@...@.@...@.......@@..@.@.@@...@.@@.@..@.@@.@@T@...@..............@@...@@@.@@....@.@@.@....@..@..@..@.@..@@....@...@@.@...@@...@@@.@.@....@.@...@@....@..........@..........@.@...@.@......@....@....@..@@........@.....@.@..@.@.@@@@.
.@..@...@T@@....@..@@@.@.....@@.@...@@...@@@......@@@....@....@..@..@@@.@T@......@.@...@.@......@..@....@@.........@...@.....@....@..@...@@....@@..@..@@.....@....@@@.@@@.@.....@..@...@@@@@.@@........@........@..@...@......@..@@.@.....@@...@@@....@..@.@....
...@.....@.@........@....@@.....@.........@@....@..@.@....@....@..@@.....@@@.@..@@....@....@@@@..@...@..@@@@.@..@.@@.@@@@.....@@....@...@.@.....@@..@.........@@.@@....@@..@..@...@..@..@TT@..........@T@.@.@.@......@.@..@..........@@.........@@@.....@..@@...
........@.........@....@.......@@@..@..@...@@..@@.....@.....@.@@..@....@...@.@.....@..@..@........@...@.....@T@....@......@@..@...@.....@.@..@@..@..@......@.......@....@@..@...@...@.@@@T@@@.@@.......@.@@.....@.@@..@..@.@...@@..@@....@...@.@.@.@.@@@T@@...@.
@@.@.@@..@......@...@......@@@@...@@@@..@...@@@..@@..@@@@.........@...@@@.@.......@.@.@.@........@T@@..@....@@..........@..@.@..@@@@.@.@......@....@.@...@@.@.....@.@@.@@..@.@.@.@.@.....@@..@......@.....@.....@...@@...@..@..@....@...@.....@........@@@......
T@.@@.....@...@............@......@TTT@@....@....@@.@...@@....@..@.......@...@.@..@....@.@.@@.@.@@@...@.......@@.....@.........@@T@T@@@@...@@@...@@...@@@T@.@@.......@.@..@..@...@.@.....@.........@.....@....@.......@....@T@...@.......@@.@...@........@.@..@.
T@.@@@...@...@@..@..@......@...@.@@@@@T@.@..@.@.@@......@@....@.@@....@@.@.@....@.@....@.@@@.....@@@.@T@.@..............@.@.@....@@@.@@@.@........@.@.@@.@@....@....@@@.@..@.@...@.@..@.@T@.@...@...@@@.@.@.....@..@@@@....@@...@.........@...@@.........@.@@@..
@....@@..@.@.@....@...@@.@@.....@@.@..@....@@.@..........@@@....@..........@@...@.....@@..@...@..@@...@....@@...@..@...@..@....@.@@..@.....@@......@..@.....@.@@@..............@.....@..@@..@..@@@@@T@T@..@......@.@TT@...@T@...@@@.@@...@..@.....@.......@T@...
@..@..@..@@.@......@.@....@......@..@..@.@@@.@@@@@@...@@@@@@..@.@.....@........@....@@..@.........@..@.@.@@.....@..@.@.@.@@.@.@T@..@..@..@.@.@@.......@@......@T@@.........@.@.@.@.@..@@..@......@..@.@@....@.@...@@@@@..@.@@@.........@..@.....@....@..@@.@....
@......@@@@..@...@...@@....@.@..@...@....@@....@@T@..@@.@@..@..@....@.@.@.@....@...@@..@..@..@..@..........@@..@......@..@@@..@@@@........@@..@.@@.@...@.@.@.@T@............@@..@.@...@....@@..@@..@..@..@..@....@@@@@T@...@@...@...@@..@@...@....@...@......@..
.....@........@@@....@......@@...@...@........@@@@............@@...@....@@...@.@..@..@..@...@T@.....@.@@..@@@......@@@@...@T@.@@....@...@.......@..@..@@..@..@@@......@@@@@...@.@.....@................@.@..@..@@@.@..@...@.@...@.@@...@......@...@...@.@...@@..
@@@.@.@@.@..@.@..@...@@@.@...@....@...@.........@..............@.@.@@..@@..@.@@@.@.@......@..@........@....@@...@.@.@@.....@@........@...@..@...@.@.@..@@@@....@.@@.@@@@..@@@...@..@@.@......@@.@.@@@@.@.@....@..@........@.@....@....@@.@..@.............@@....
.@.....@.@.@.@..@@.@..@..@...@.........@.@@..@..@@@...@@...@.@@T@....@.@.......@.@.@...@@.@...@..@......@........@..@....@@.@....@@@..@@@.@...@.@@......@.....@@........@......@...............@..@..@.@.@@@.....@@..@.@@@..@....@....@..@.@@..@.@...@@..@......
.@........@.....@@@@....@..@...@............@...@...@.@@.@.@@..@........@.@...@@.@.@....@.@@.@.@...@..@...@@...@.....@@..@......@@@T@@@.............@...............@.....@....@@@..........@...@...@....@...@.....@.......@@..@...@.........@@...........@@@.@@
......@.@......@.@..@....@....@.@.@.......@...@.@@...@.@...@.@.....@..@...@@...................@@...@.@.@...@...@.........@.@....@T@.....@@...@..@.@.......@@@@...@...@..@T@.@.@.@........@@@@....@...@@.@....@...@@........@@...@.@@...@@@.@T@.@.@@@...........
........@@@.@........@.@@@............@.@@@@.@T@.....@.@@..@.....@....@......@@@@@.......@@.@.....@...@.@@....@..@.@...@@.......@@@.....@@@@@.@@.@.@.......@T@.@.....@@.@.@.@........@..@.@.@.@@...@....@@........@.@..@...@TT@....@.@...@@..@@.......@.........
.@..@...@.@@@.@@......@..........@@.@.@@TT@T@T@T@....@...@@T@@.@.....@..@......@T@@.@@..@@...@..@@..@@@..@@.@@...@..@@.......@@..@@..........@...@...@.@..@.@...@..@..@...................@.....@........@........@..@.@..@T@@@......@........@.@..@.@T@..@...@@
...@...@..@...@.@@@@@..@....@..........@@@@@.@@@..@..@..@.@T@..@..@....@@.....@.@...@@..@..@..@.@@.............@@@..@.@..@@@...@..@..@...@....@...@.@.........@@.@@.......@.........@.@@@.......@.@.@@...@...@.@.@...@@....@@.........@.......@..@@@..@@@.@@..@.
.@.@@.....@..@..@T@..@@@..@@....@..@.@...@@...@.@.@.@.....@T@..@..@.@..@...@.@@.........@..@..@.@..@..@@..@@..@@........@@T@..@..@@@.....@.....@@...@.@@@@...........@.@...@@........@T@.........@..@............@.....@..@.@...@...@@@.@...@..@@.........@@.@@.
..@........@..@..@@...@...@....@......@..@........@...@@..@@...@.@.......@..@........@..@..@@..@@....@....@..@...@@.......@.@.@....@.@@....@@....@..........@.@.@........@.@.@....@..@@.@.....@@@.@.@.....@....@@.....@@@.....@@@..@@.....@@...@.......@........
......@..@.@@@T@.@@@.@.......@..........@.@.....@@.@....@@....@@...@....@@.....@@.....@..@..@...@.@..@....@..@..@...@.....@....@....@@@........@..@.............@@..@............@...@@....@.@T@......@...@....@.@@.....@.@.@.@T@.@........@...@...@..@...@...@@
...@@.@......@@.......@....@....@@...@.....@.@@..@..@.@...@..@T@..@.@.....@.@@...@..@...@@.@.@@...@.@.@@..@.@.@@@@.@T@..@....@.@.@..@@.@....@......@..@.@.@.@@..@.........@.@.@..@.@@@.@...@@T@@...@..........@......@.@....@.@T@.@......@.@.....@...@..@@....@@
@..@@....@.@.@.@.@.@.....@......@........@.@.@..@.@..@@.......@T@....@..@..@@.@.@.@....@.@....@.@...@..........@TT@TT@@..@.@@..@........@.@@.....@..............@...........@@.......@.......@.@............@.@....@@@........@@.@..................@...@@....@.
T@...@@..@.....@@.......@T@.@@.@..@.......@...........@@....@@@@..@..@....@@....@..@..@@...@....@..........@@...@@@T@@@.@..@....@..@..@@T@@@...@..@.@...@@@..@......@......@..@@..@.@@......@....@.@@....@...@@.@@@.@@.@.@..@@......@@@@.@@@.@....@.@@...@..@...
@@.......@@.@.@..@..@@...@.......@..@.@....@.@.@..@@..@@@...........@...@.@.@@..@.@@@.@T@.@@...@........@.@...@@.@T@TT@.@..@.@@.@......@@@.........@..@@..@.@...@@.@..@.@.@.....@..@....@.@@@@...@@@@.....@............@.....@@@@.........@.@..@@@.....@@.@...@@
@@.@@...@@T@..@....@@@........@.@...@...@.@@................@....@...@@.....@@....@.@@.@...@..@..@..@...@.@@..@@..@.@@@...@@..@............@..@@.@.@@......@...@..@....@.@.................@....@@@@..@.@...@..@...@@........@...@.@...@.@.........@...@.....@TT
@...@@..@.@...@..@....@..@.@......@....@@..@.@@..@..@..@.....@.....@@@@.....@T@@.....@...@@@.........@........@..@.....@@@..@...@......@.........@@@T@..@..............@.........@.@.....@@.......@....@....@@.......@@...@....@@..@..@...@...............@.@@TT
..@.....@......@@.@...@....@@.@.@......@.......@.@.@..........@..@@T@@....@..@.........@@@..@....@@..@.@@.........@@@...@..@..@..@....@@...@...@.@..@T@@..@@@@..@.@@....@@..@..@...@...@.....@@....@..@@....@....@@@.@@..@.....@...@.@@......@@..@...@@@.@.@T@TT
.@@.......@@........@..@.@@....@......@..............@...@@..@....@@.@.@....@..@...@..@@@@@.....@....@....@........@.@..@.@@...@@@@..@...@.@.........@.@@@@@@@...@.....@..@@.@.@@..@.@@...@.@...@.@....@...@..@..@..@..@..@.@......@@@.@...@@..@.....@.....@@.@@
..@.......@..@...@@..@@...@@.@....@.@@.....@@.......@...@.@........@.@..@..@.........@@.@T@@@@@@@....@@@....@@...@.@.@@.@....@..@...@.....@.@.@.....@..@....@.......@...@..@..@@.....@@@.@@.@....@..@...@.@@@..@.@....@@...@T@..@@..@..@.@....@...@..@@..@.@@..@
@...@@...@....@.@@...@....@.@..................@....@................@......@@..@........@.....@....@..@@....@....@...@.@....@..@@..@@.@.....@@...@.........@@@@@...@@.....@...........@@..@...........@@.@.@.....@....@.@..@T@.@............@@...@......@....@T
@.@.@...@.@@.@T@...@........@...@.......@.@....@....@.@@@.........@.@....@...@..@.@...........@T@.@...@......@.@@.@.@.........@.......@.....@....@......@...@....@..@..@@@.@@@@...@...@.....@@...@.@.@@...@...@@...@..@......@......@...@....@@@...@@.@.@@....@@
...@.@........@..@.@..@....@...........@@...@@..@....@.@@.@@............@@@...@@.@@@.....@.....@T@...@.......@.@@@........@@.............@@....@......@@...@.....@......@...@@......@...@.@...@..@@...@.@....@TT@........@.......@.....@@.@...@T@..@....@@@.....
...@.@.@@...@..@..@@@........@.@......@.@...@@..@.@.@@..@...@..@..@.@.....@....@.............@..@.@..@....@.......@@.@.@...@.......@.@.@.@......@@..@@@@@.@.@....@@@..@..@@@..@.........@@.@@@......@@........@@@.@@.@.......@..@......@..@..@TT@..@@..@T@@.@...
...@.@...@...@..@..@.....@.@..@@..@.@...@@.@.....@@@..@...@@.....@......@.@@@....@.@....@@.@.@....@@...@.@....@.....@.....@.....@@......@...@..@.@@......@.......@@@........@..@@@@.@@.....@.......@@......@..@.......@...@.@@.@.........@....@@.@@.....@..@..@.
@.@..@.@................@.....@..@T@@..@@@..@@..@@...@T@..@....@@..@...@...@@@........@@...@.......@@....@....@...@...@.@..@...@..@...@..........@@@....@@@..@...@.....@...@..@@@.....@.@.......@@.....@..@..@@@@@.....@@.@...@@.@@.@.@..@.....@.@..@...@@.....@
@@....@@@...@.@@..@@......@..@..@T@.....@@..@T@.@T@@..@.@.@..@......@.......@@@..@..@..@...@@@@.....@..@@...@@T@.....@@.....@.@...@.....@.@..@...........@@.@T@.@.@....@..@.@.........@......@@..@......@@@....@...@.@..........@..@@.@.....@....@@...@.@..@....
...@.......@.@@@............@@...@T@...@.....@..@@....@.@.......@......@..@.....@T@@.@..@@@.....@@.@....@@....@..@......@......@.@.....@@....@.@.....@@......@....@....@@...@....@..@@...@.@@...@.......@@...@....@@.....@.@.....@..@......@.............@.....@
@@........@..@.....@.@@.@@.@....@T@..@....@...@.@.....@...@.@.......@...@@.@....@@T@...@@.@@.....@.@...@@.@...@..@@@....@@.@.@...@.....@@.@.......@@@..@.@....@..@@..@.@.@........@.....@.@.......@@.@..@...@.@.....@.....@..........@..@..@.@@.@.@....@..@.@...
@......@@@T@.@..@@...@...@@T@@..@T@..@......@.@..@..@.@.@...@.@.@@@@.@..@@.......@@.........@..@.@@............@...@.........@@..@...@.@..@...@......@....@..@.@...@@@@@..@@.@@....@@.....@.........@@.@@.@....@@..@@@@.@@@..@.......@....@......@.@.....@@.@.@@
.@.......@@......@...@.@@..@@..@.@.@@...@@..@...@@..@@......@@@@@T@@......@@@.@...@@.........@....@.@...@.....@@.@...@..@.......@..@@....@....@...@...@..@.@@.....@...@..@@@.....@@..@.....@@....@.....@......@..@@.........@.....@@@...@.@.@...@...@.@.........
...@@@....@..@..@@@@..@@......@....@@@.@.@.@@......@.@.@.@@..@@..@@T@....@...@@@...@.@.@@...@@.@..@....@.@.....@.@.@@.......@@@@...@..@...@.@@@..@......@.....@.@.@.......@T@...@.@@........@@....@....@.@.@......@....@............@.@.@@.@.@.@..@@@...@.......
@..@@..@...@..@...@..@@..@.......@..@.@..@..@@.@.@.....@@....@@....@.....@.@..@@@.....@..@@.@.......@..@.......@...@..@..@@@......@....@@...@......@..@@....@.@.......@@@.@@@.@.......@..@@..@@.......@.....@..@.@@......@........@@.@.......@...@...@......@.@@
......@..@@.@.@@@..@@@...@.....@@.........@............@..@......@..@..@...@.@......@.@.@T@...@@@@......@..@@......@.@@...@..@@@@.......@....@@......@..@.@......@........@.@@T@@...@@@.@..@..@...@@@.....@..@@T@@...@.@...@@........@.@...@..........@@...@T@.@
.@@@.@......@@T@@.@@.....@.@.....@..@.@.@@.@......@@.@...@@.......@.............@........@...@....@@.@....@@@...@@...@...@....@....@....@.....@.@@@@...............@@.@@..@..@@................@..@..@..@...@@.@...@.@..@@....@@.@@..@...@....@............@@...
@@@@.@...@...@TTT@@.....@@.....@@...@@T@@..........@..@....@@@.@.......@@......@T@..@.@.....@.@......@@..@@T@.@.......@..@.@@...@@...@@.........@@@T@.@.@...@@@.@...@..@..@.....@.@....@..@..@@..@.......@..@@.@@...........@...@........@@.@.@@@..@@.......@...
........@....@T@@@T@.@@.....@@.....@@@T@@..........@@..@.@......@.@..@.@..@.@...@.@@@..@.@@.@..@@.@..@.....@..@.@............@......@..........@T@T@@..@.@@.....@@.............@T@@@....@..@@.....@..@......@.....@.....@...@.....@....@@...@.@....@@@...@@...@.
.@.......@.@.@@T@T@@..@@@.......@@..@TTT@@.@......@T@.@.@..@....@...@......@@.........@...@.@....@.@.......@@......@@@.@.......@.@....@.@..@@@@@@.@.........@....@........@@...@@....@@..@@@..@....@@@..@.@.@....@..@..@......@@.....@..@.@..@.@@@.....@.......@
@@...@......@..@@@@.....@...@..@....@@@@@.....@@..@@.....@@.@.@..@........@@@@.@.@..@..@.@..@@........@@@.......@@@....@..@.....@@.......@@.@T@....@....@@@..............@.@...........@.....@....@..@..........@.@..@....@.@....@......@.@@@..........@.....@..
@T@@.....@..........@.........@.....@.@..@.@....@.....@..@...@.....@...@.@....@.@@...@..@...@T@.........@..@.........@.@..@..@@..@.@@..@..@.@TT@........@..@.@...@..........@.@.@..@@.......@..@.@..@@.....@.@..@...@..@.@@.@@....@...@........@@......@.@......
@TT@....@....@@@@.@@...@@.......@.@.......@...@..@..@@.........@.@@@.......@.....@...@.@...@.@.@.@.@@..@.@.....@.@..@@@T@@..@...........@.@..@@..@..@..@.........@.@..@......@@....@@@......@@..@..@.@.@.@.@@T@@..@......@..@@@.@@@@...@@.@@.@@.......@@.......@
TTT@...@T@.@.....@...@@....@....@..@@.....@..........@@...@@@.@@@@..@.@....@.@@.@@.@.....@......@...@..@.@...@...@..@@@@..@..@.@..@.@.@........@..@.....@@@@..........@...@.@..@...@@....@.@.@.@@.@@...@..@TT@..@...@.@@@@@@TT@...@..@@...@@.@......@.@@.....@@@
TT@.....@...@...@.@.....@..@..@......@@@...@.@..@.@...........@.@.@.........@@....@......@@.@.@@@.@..@@....@.@@.......@@.@...@@...@.....@.@..@@.@.....@@..@.@..@.@..@..@....@..@...@@..@.@.@..@T@..@.@..@..@@@......@....@@@@@......@.@@@......@...@.@T@...@....
T@..@....@.@..@.@..@@.@.@....@..@.@..@.@.@@@.@@...........@..@.......@..@......@....@..........@.@@.........@TT@@@@.@@...@..@@T@.@@@.............@.@@...........@T@..@........@@@.@@..@..@....@@........@......@@@..@......@.@........@.@@..@.@....@..@@......@@
@@@@.@.@.....@..@@.@@..@.@.@@@@.@..@............@@...@.@.@@..@.@..@..@@.....@@.......@@..@.............@@@...@T@@.....@......@TT@...........@....@.@.....@...@..@T@@.@.........@@@@@@.@@@..@.@...@.....@@...@@@@....@...........@@@..@@.@.@@.@..@@@@....@.@....@
.@@..@..@@.@.....@...@....@......@......@.@...........@@@..@..@....@.....@.@....@@....@.@......@..@@.@..@....@@@@..........@.@@TT@.....@..@..@..@.@........@...@@@@...@@...@..........@..@.@..@.........@@.@@.....@@@@...@.@.........@.....@..@...........@@....
.@.......@.@.@.....@@....@....@.......@.@....@.....@...@....@....@@T@......@@......@@@..@........@@...@@.@...@...@....@....@.@@T@...@..@......@...@........@@......@........@...@@..@..@.@......@.@.....@@.@..@@...@....@..@@..@@.....@...........@...@@..@@....
..@@..@.@.@@.@@..@@@@..@....@.@.........@@.....@@.@..........@@.@TT@@.@..@@..........@...@.@@@....@........@@T@.......@.....@TT@........@....@......@.@.....@@@....@@.@.@..@.@..@@..@@@...@..@@@T@.@.@...........@.....@@...@..@..@@..........@@..@@..@@.@.....@
.......@@......@@TTTT@..@@.@@...@@.@....@...@@.@....@.....@....@T@@....@..@@.@...@......@T@@@...@.@@..@@.....@........@@.@.@@@T@.@..@.@....@.................@......@@..@....@......@@..@.@@@...@@..@@.@@..........@@@.@@..@@@.@...@...........@@.@@.@@@......@@
...........@.@...@@@T@@..@....@.......@..@@..@.@.@@..@.........@@@...@.@@@TT@@........@..@@....@@@@.......@@@T@.........@..@..@@@@@..@.@.@..@@.@....@..@@...@.....@.@T@@@.......@.@...@..@.....@@@...@....@.@@@.@.@......@..@......@.@..@...@.@.........@......@
........@.....@....@@...@..@@..@..@@.....@....@T@.......@...@..@@....@@@.@TT@.@..@...@.@@.@@.@...@..@@.@.@...@....@@@@.....@@......@.@........@......@.......@@......@..............@.@@.@.@.....@.@.@@@.@.....@@@@.@...@.@..@@@.@@......@@.@..@.....@......@...
..@@..@....@.@@@........@..@....@@@.@@.@..@.@.@T@@@.@...@.........@@.@...@TT@...@.@@...@....@@...@.@..@@....@....@..@....@..@.....@@..@@.@......@@@@....@@..@.....@....@....@@...@.@...@.@.......@@...@....@@@..@...@.@@..@...@.......@....@@@..@......@.....@..
.@@.......@.....@@.@.@@..@........@.....@@..@.@@TT@.@....@..@@@........@@@@@..@.@....@@....@@.@....@.@......@..@.@@...@.@@..@@@.@..@...@..@.@....@@..@..@....@...@......@@...@@@.@.......@@@@...@..@.......@@@.........@@.....@..@....@......@..@.@.....@@......
......@@..@..@..@............@........@...@....@T@........@.@@.....@.@......@@.@.@@.......@.....@..@.@.@..@...@T@@.@.........@..@...@...@.@....@......@.@...@@.@....@......@..@..@.@.....@T@........@.@@....@@@.@@@..@.@....@@.@....@.....@@.....@......@@.@....
....@..@..@.@.....@@..............@.@@..........@...@.@...@@.@@.......@..@.....@..@....@@.@.@.@..@.@...........@@...@...@.@@.@.@@...@@.@@@.........@.......@....@...@.@.@......@....@..@@@T@@.......@.@.....@@......@....@..@...@@@...............@.@@...@...@@.
......@@...@T@...@....@..@....@...@@@@.................@@..@.....@@@@@..@@@@.........@....@..........@.@.@@...@.@...@.@.@@..@...@....@..@........@...@.@....@.....@....@@....@.....@..@T@.@@...@....@......@...@..@@....@......@......@.@...........@.@........@
.....@@...@TT@...@......@@@@.@......@...@.@@..@..@...@@...@@@@@..@..@.@..@..@...@...@.@..@.@....@..@@...@.@..@@...@.@@.@...@.......@@..@...@.....@....@@.@...@@....@@..@.@@....@...@...@....@....@@.@.@..@..@@@..@..@.@@....@.....@......@..@@.@..@......@..@.@@
.@...@..@.@T@T@.@@@.@.@@@@.......@....@@........@...@T@.@@..@.@..@@....@@T@.@.....@.........@...@..@@.......@@.@..@....@@@...@@...........@@.....@.@@@@.............@..@.@.@@@@.@.@@...@...........@@.....@..........@..@.@.......@@.@@.....@....@@@.@.@@...@..@
.@.@@.@..@.@@T@@.....@.@......@.......@@...@..@.@....@@..@.....@@@@.@.@..@..@.......@...@....@@.@...@......@@@........@.@....@.....@@@..@.....@.@.@..@@..@@....@.........@....@.@@.@@......@@.@.........@..@...@.@.@...@....@.@@...@....@@..@@..@...@.@.....@@.@
.@.@.....@...@@...@@....@...@..........@...@..@@...@....@..@....@.....@@.@..@.@.........@..@...@....@......@..@@..@...@.@...@.@@....@..@T@.@.@T@@........@........@@....@...@......@......@@.........@.....@...@.@....@.@.@@.............@@@.@....@....@.@.@.@@@
@.@@@.......@@@..@..@.....@...@.@.@...@@......@...@@@........@..@..@.@@.....@@T@...@@.@..@@...@........@..@.......@...@.....@....@@.@...@....@T@....@...@@@...@.@@T@.@...@..@...@.@T@.@@.....@.....@@....@..@...@.....@........@..@....@.@@....@..@@...@@.@..@..
..@@@.@..@.....@@@.@....@@@..@@..@@.....@.......@...@@.@....@......@@..@.@@...@@@@.@@....@...........@.@..@@...@.@.....@....@.@.@.....@....@.@@......@..@.@.....@.@@@@..@.@.@.....@@@........@@....@....@..@T@.....@@........@.@.@....@@@T@@..@.@.@...@.........
...@....@.@.@@.@@..............@........@..@.@..@..@......@...@.@@.@@......@@.@...@..@@@...@.@.@.....@..@...@@..@..@...@....@@T@T@...@@.....@@...@.@@.@@..@...@............@...@@.....@..@@.....@...@.....@T@.@...............@@.@..@.@T@TT@@....@..@.@.......@.
@....@@.@..@.........@@......@@.@.....@@@@@..@...@.@..........@..@.@@...........@.@.@......@.@..@@.....@..@@...@..@.@..@.@..@@TT@..@@..@...@....@@@.@.....@....@@....@.@.@@.........@@..@.@@..@..@@..@.@..@@..@..@@.@.@.@@@......@..@..@T@T@..@@.....@@.@.....@.
@@@.....@....@...@@..........@..@...@....@..@@@.@T@..@.@@@@.@@.......@.....@....@...@.@...................@...@..@...@.@.....@@@.@@T@...@.@T@...........@.@@.@......@.@@.@T@...@.@....@...@@@...@..........@.@....@.......@.......@@@...@@@@..@..@..@@T@.@.@...@
...@.....@@...@.@@..@...@@....@........@...@@.@..@...@...@@.@..@...@.@@..@....@@.....@..@..@@@........@@.@........@@......@@.....@@@@.@...@@.............@.....@.......@.@T@......@.@.....@.@....@...@@.@...............@.......@.@.......@.@@..@T@.@@T@.....@@.
.@.@...@..@@.@..@.@.@...@.@......@......@@................@@@..@.....@...@@..@@@@@@.@T@...@@..@.@...@@.@..@@@..@@.@@@@.@......@.........@.@@.@..@@@...@.....@...@.........@...@.@......@.@@....@..@@..@@@@....@..@.@..@....@..@...@@....@......@TT@...@..@@.....
.......@..@T@@....@.@..@..@@@@@.....@....@..@....@.@..@......@.@@.......@...@....@@@T@....@.....@@@..@.@@@.@.@....@@@...@...@.......@..@................@@..@...@...@@....@.@@........@.@....@.......@@@...@....@.......@@@..@@@..@..@.......@@TT@..@.@...@.@@..
@....@..@..@..........@.@...@@.@....@....@@@@..@@.@..@@...@@.@@@......@...@........@@@........@@.....@...@....@.@.....@@.....@...@@@..@@...@@..@.@.@..@@....@.@...........@@T@..@.......@.@.@@@@.@...@@.@.@.@@...@@.@.@....@....@.@...@..@@...@@@...@..@..@@@...
......@@.@@@@.......@....@......@..@.@...@..@@....@@...@..@T@TT@.@.....@.@...@....@..@.@@..@...@.......@...@@....@....@@.@..@.......@..@............@@.@......@@.@@@.@......@@.@@....@..@.....@T@.@..@...@@..@..@.@..@..@.@....@@@....@.....@.@.@.@.......@@....
@.@.@......@@.......@@.@@.......@.@..@@........@@.@@...@...@@T@@@@....@T@@.@.@...@........@@@@@....@.........@.@@...@@...@.@........@@.@@................@@.@...................@@.@....@@..@@@@@...@@...@@@.@............@.@...@.@@...@...@.@....@@...@...@.@..
.....@..@@.....@..............@....@....@.....@@...@@..@....@@.....@...@TT@@.@.@@T@...@...@@T@.....@........@@......@.@@@..@@@......@.@...@..@@....@.@.@..@......@@....@@@..@@......@...@@...@...@..@.@........@......@....@.........@..........@.@.@.@..@...@@.
@....@@......@@@......@@@...@...@..@.....@.@...@...@.......@TT@..@@@@@.@@@TT@@.@@T@.@...@.@@@...@@..........@T@.@@.....@@......@@@....@@@...@.....@....@....@....@@....@....@...@.@....@.@@@...@@@.@..........@.@...@@...@@..@....@@@..@.@..@@.@.....@@@...@@TT@
....@.@...@@..@......@.@..@@.....@.............@...........@TT@@...@......@@..@..@@@...@...@.....@@...@.....@@@@@.......@.....@@..@@..........@.......@...@.@@@.@T@@@.....@....@....@..@.@....@@..@..@.@.@@...........@@@@@.@.@@..@..@@@@.@@...@@@@..@TT@.@@.@TT
.......@@...@....@.@...@.@T@.@@....@.@.@@@@@.....@..@..@...@@@T@.@.@.@@..@..@.....@@@.....@......@@...@@.@@@T@@..........@.@.@.....@...........@....@..@....@.@..@....@...@...@..@@.@....@...@@....@....@..............@@@@........@...@...@@@...@T@@@T@T@....@@
@..@.@..@@@....@@.@.....@T@@.@...@@@...@..@.@.@...@...@@......@......@....@.......@..@.@@@..@..@...@@@@@....@..@.@....@.@@.....@...@.@@@.@@@..........@.......@.......@@..@.....@.@@....@@@...@........@@......@...@..@@@.@.@..@...........@......@@.@@.@..@.@@@
......@......@@T@.....@..@@.@T@.@.@@.@@@.@..@....@....@@.@...@.@..@@@@.@.@...@@.@..@...........@.@@.@....@....@@.....@@.@T@.@.......@..@@.@...@@...@.....@......@@.@@@T@...@@.@@....@@.@.........@@........@.@..@@.@.@@......@.......@...@..@..@.@.@.@........@.
@.....@..@..@..@.@..@@......@@@@......@@.@...@.@.@..@@..@..@@@.....@.........@@..@@T@........@@@.@@........@....@@@@...@.@.....@..@..@.....@@@.....@...@.@.@....@@..@T@........@...@T@.@..@......@T@@..@.@@.@@..@.@.@...@.@@............@.@@..@..........@@.@@@.
............@@.@.....@.@....@.@..@.@@.@....@..@.@.@.@..@@..@.@@..@...@...@@@...@.@.@..@..@..@@@@...@@@.......@.@@@.....@....@.@@...@.@.....@...@..@..@...@....@.@...@@T@.@........@@@...@@.@.@...@TT@@.@.@...@..@........@T@@.....@.@@..........@@@..@........@.
....@.@.@..@@@.@@.@...@...@@@.........@.@.@@......@....@......@..@..@..@..@...@@...@...@........@...@..........@T@.@...@@.@..@.@.....@....@..@..@.@@.@...@@.....@.@...@@.@@.....@...@........@..@.@@.@.........@@.@@@@..@T@.....@.@........@..@@@TT@@....@.@....
@@@...@@.@......@..@@@@@.@@.....@@..@.....@@@.......@..@.@..@..........@...........@@.......@......@.@......@.@.@@@....@.@..@@....@.@.......@@..@.......@..@@.....@@....@.@.......@.......@.@T@...........@...@@T@...@..@TT@@@.........@..@.....@T@@....@....@..
.................@.@...@..@.@.....@.@.@......@..@..@.....@..@@...@...@..@...@@.@@@@@@..@@.......@@...@...@.@....@TT@@.......@@..@@...@@@.@................@@@@.@..@T@..@...@.@....@..@...@...@@@@....@@@.@@.@..@@...@...@TT@T@..@@...........@.@.@@...@.@....@..
@@@...........@..@...@..@..@@....@@....@..@....@.......@@...@@@@@@....@@T@@.@@..........@..@@...@..@@...@........@T@.......@...@@..@@.@....@@@..........@...@.@@.@@TT@...@@T@.@@@...@........@@...@...@........@@@......@@@TT@..@...@...@@.@@.@..@T@@.@....@...@
@....@@@.@.@@.@@.@@@@.@@@..@@@@.@.@..@.@.@@..@.@@.@@@....@..@..@.@.@@.@.@...@....@@@......@@@..@..@..@........@@.@@..@...@.@....@..@...@@.@.@@@..@.........@.......@@@.@...@...@.......................@.@....@@@T@......@TT@T@@....@...@...@...@T@.....@....@..
T@.@@..@.......@@@....@TT@@...@.@.....@....@...@@@TT@.@@....@......@T@@.@@..@@@@..........@TT@.@..@...@@@.@@...@....@@@...@......@....@.@@....@....@..@@.....@@@......@.@@@@............@...@...@..@.@...@@@.@@..@.....@..@@TT@T@...@...@.@...@@@@..@...@.......
@.....@..@@@@...@@....@T@@..@.@@...@@......@..@..@T@.....@.....@@.@@@...........@....@@.@..@@@..@@.@.@....@@..@.@.....@@@.@.....@...@@..@@...@.....@.@.....@@.@.....@.......@...@..@....@....@.....@@@....@@@....@....@@..@.@@.@....@@..@@...@...@.@@@..........
@@...@......@....@.....@.@....@......@....@@.....@@....@@@@@@...@...@@.@.@.@.@..@@.@.@@@..@..@@..@.@...@...@....@..@..@..@...@....@@...@.@@....@.......@@@.@....@@.@...@.@.......@@....@@@@....@....@...........@....@@..@...........@.....@..@@........@.@.@...
......@...@@......@.........@.@.....@.@..@..@...@..@@...@@@@@.........@.@........@....@..@.@...@.@.......@....@...@.@@.@.@....................@T@@...@...@.....@T@.@.@@.@...@.....@..@.....@..@...@@.@.@..@..@@...............@.@..@...@.@.....@@.....@@...@.@..
.......@.@..@..@....@..@@.....@@..@@...@..@.@@..@.@T@@..@TTT@@@@.@@.@@@.................@......@.....@@@.....@..@....@.@.....@@@....@@.........@@..............@@.......@.@.....@........@..@.....@..@@...@.@.@.......@@.@.@...@..@...@.@..@.....@....@....@.@..
..@.@....@.@@.......@....@..@@.....@@@..@...@.@....@..@@@@T@.....@.....@@@........@@.@@..@..@..@@..@.@.@...@........@@.@@@.@@.@...@....@.............@@.@...@..@..@.....@@T@.@.@......@.@...@..@.@@.....@......@@.@.@.@..@.......@...@@.......@@..@..@....@.....
@.@.@@..@........@@.@@@............@....@.@@.........@...@@@.....@.@...@............@.........@...@......@.@....@..@....@.@...@.....@@....@....@.....@@@T@.@.....@........@....@...@@.@....@..@.@......@......@.@.@@......@.@..@@.@..@T@@..@..........@@@.....@.
@.........@..@..@....@@.@.....@@..@....@.........@.....@.@@..@@....@@..@.@.@@...@.@.@@@..@...@.@........@@@.....@...@..@..@....@.......@.......@@@.@..@@T@.@.......@@@.....@...@@@.......@.@..@.....@..@...@.@....@..@...@......@..@.@T@@@@.....@..........@....
@..@....@......@......@@....@@..@......@.@....@@.@..@.@..@T@..@..@...........@.@...@@..@@..@....@.......@...@..@@@.@@....@@..@.@@.......@...@.....@.@.@TTT@..@..@..@..@..@..@..@@@..................@@...@.@..@@@@.@.....@..@@....@.@@@.@..@@.@@..@..@@..@.....@
...@@@.....@@..........@..@@@..@.@@.@...@T@.@........@@@..@.....@T@.@.@..@.@.....@....@.@..@@..@.@......@@@....@.....@..@..@@...@@@...@.@@.@....@....@.@@T@.@....@..@...........@T@.@....@...@@@.@............@......@@@.@@@@T@.......@...@.....@..@..@.....@.@.
@@.....@..@.@..@@....@....@......@@.@..@T@..@.@@..@......@T@...@.@.@..@.@@.@.@..@..@@....@..@.....@..@..@@....@..@....@.....@@...@...........@@.@.@.@..@@@@........@...@@.......@@..@.@..............@.@.@@..@@...@.@...@....@@.........@.......@...............
@..@@.@@..@............@.@..........@..@@@@..@@.@....@....@....@....@.@@@...@.@@..@....@@.....@.......@.....@..@......@.@.@.....@...@...@.......@@....@@....@@@...@@@@.@.........@@@@.@.@.....@@@@...@..@...@..@...@..........@.@.@@..@......@@@............@.@@
..@T@...@.@.......@.@@@@@...@@.@..@....@@..@........@.........@@.@...@@@.@..@..@.@@.@..@..........@..@.....@@...@..@@@.@....@..@@..@......@@.....@..@..@@..@@.@@@..@...@.@..@.@@..@TT@@@@........@...@.@@..@..@....@..@.......@...@......@...@@@..@...........@@
.@@@@...@@T@.@.@@..@.........@@....@@..@@@.....@@@@...@.......@...@.@@....@@..@...@.....@........@..@@......@.@....@...@...@@..@.....@@.....@@..@@.........@....@@.@.@...@.....@...@@...@....@.@@@...........@@...@@@........@..@@@@....@....@..@..@....@@..@...
.......@T@T@.@@.@......@...@.@...@..@......@..@@@@..@........@.@.@.@..@.@....@@.@..@@.@...@...@.@...@..@@....@@.@..@..@.....@.......@@...@.@@..@.......@.@@T@..@......@....@.....@........@....@@......@.........@..@.....@.........@@.@.........@...@..@....@@@
.@......@.@@.@....@@@.@@.........@.@..@..@@.........@.@@.@.......@.@.......@.@...@@.@..@........@.@.@...@..@....@@.@@.@..@@..@.@......@@..@T@....@....@...@T@...@.....@.@@........@.@...@@@.....@......@@.@.@@@.@.......@....@@@@..@...........@.......@..@....@
.@...@@...@@...@...@....@@@@.....@.@..@@..........@.@.@@........@...@.....@...@......@.@.@.@.......@.......@@..@@.........@@.@.@@..@.@.....@.....@....@@@..@...@.@@..@.....@.@.@.......@.@..@..@..@.......@@@...@@...@@.@.......@..@@.@.@..@..@......@@@....@..@
.......@..@T@@.@..@@.@...@.@.......@.@@.....@@.@.@@@@@..@.@....@@.@....@.@@.....@@..@@@...@@..@.@@.@...@@@....@..@...@..@........@...@......@......@.@...@@..@@....@.@........@.@@.....@...@....@.@......@TT@@..@...@TT@........@.@.....@@@..@.@...@....@@...@..
........@..@..........@.@..@@..@..@T@@.....@......@...@....@...@@.@.....@........@...@..@..@.@..@.@...@.@@.............@..@.@...@@@.......@........@...........@..@.@...@@.@@.....@..........@.@...@.@.@@T@@.......@.@@..@.@....@@.@.@@....@.@.@@........@.@...@
......@...@@...@.@..@.@@..@@@..@...@.......@..@.@@.......@.@@@@@........@.@..@.@@@........@T@.@......@....@@@@....@.@.....@.@.....@........@..@....@..@......@.............@@...@..@..@.@...@T@....@@..@@T@T@......@.@..@...@....@..@.@..@..@.....@@@..........@
@.......@.@T@......@.......@@@@@@....@..@..@..........@@...@..@@...@..@@@.......@.....@.@..@..@.@....@@@....@..@@.@@.......@@.@@.@.@..@....@...@..@@...@@@@......@...@@@@@.@........@........@.@....@@@@@@T@.@@......@.......@...@.......@...............@@.....
@@..@@....@@@@......@@.@.@..@@.........@T@.@...@.@....@.........@@.......@@.....@@...@T@.@...........@..@...@..@@@.@@...@@..@...@...@.@..@...@..@.@@@@.@.....@...@@@....@..@@......@.@@.@..@...@@.....@@@.@@......@.@..@.........@...........@@......@@@.@.@@...
...@......@@...@.@.......@@........@.@.@T@.......@@.@.@.@@..@.@...@@.@..@.@@..@@@@.@..@........@.....@@.@.@@T@.@@......@@........@......@..@.@@@.@@..@..@.....@..@T@...@.@.@@@.@@......@......@..@@@.@.....@.....@....@.@...@.@..@@@..@........@..@....@.......@
.@.....@@.......@.@..@@@....@.@.....@...@@@@.....@.@.........@@@......@..........@..@...@.@......@..@@@.@...@@.@...@...@@@..@...@@.@@....@....@....@....@..@@@@@..@....@......@.......@.@.@@...@...........@..@......@...........@............@.@...@.....@.....
@....@..@.......@.....@..........@.....@@..@..@....@.....@@.....@.@.@.......@..@..............@..@@...@...@.@.........@T@.@...@..@..@........@@...@.@.@.....@..@....@.@T@@.@....@@....@..@@T@.@.@..@....@.@T@@....@..@.@@@...@....@.@@.@@.@.........@@.....@@..@
..@..........@...@@@@......@.@@...@.@.@.@...@...@...@@..@..@...@......@...@.....@.@.@.....@..@@...@.@.......@..@.......@..@@@...@.....@...@..@.@..@...@........@.......@T@.@..@@..@..@@....@....@.@.@..@@..@.@..@@@@@@...@...@@......@...@..@.@...@...@...@@...@
..@..@@....@@T@@.....@........@.......@.@...@.@.@..@@@.@.@.......@....@.@.@@..@@@..@T@..@.@......@@...@.@....@......@.........@...@.@...@..@@.....@.@..........@..@.@.@.@...@....@@...@@@..@@.@@@.@.@..@@@@..@@@..@..@..........@@.@....@@...@.........@..@.@...
.@...@.@.....@T@@@.@.@........@....@.......@T@@@.@..@....@....@.....@.@.@@T@...@@@..@.............@....@..@....@...@..@@.@@.@@.@.@@.@@...@.@@....@@..@.........@.....@.............@.@.@..@T@@@@.......@..@......@.....@.@....@@@@@......@@...@.......@T@@@.@.@.
..@....@.@..@@@@@.@..........@....@@@@..@@.@@@...@...@@@@T@.....@.........@..@........@@....@.@@....@..@@...@....@.....@.....@.......@...@....@..@....@....@.....@....@...@@....@....@..@..@T@.@...@@.@....@...@........@@@.@@......@@..@.@...@.....@@.@.@@.....
.@....@T@.....@@..@@......@....@.......@@..@@............@...@.@..@...@......@.@..@@@@..@@@..@.....@...@@@@..@................@.@@@@@....@@....@.@@....@........@.@..@...@@...@@@.@...@..@..@.....@..@...@@.@...................@....@..@..@.@T@@..@@@...@...@@.
....@..@@.@.@.@.....@....@......@....@.@....@@...@...@..@..........@..@...@@..@T@@@@.........@...@...@@.@........@@.@@.@....@..@..@.@@@..@...@.........@...@.@....@....@.....@T@...@@@....@...@......@....@......@.@......@@.@...@........@@..@@...@@@@.@@@.....
.@.....@.@..@..@...@@.@.@.....@@....@.....@...@.@@@.@.....@........@...@.....@@@T@.......@.@..@....@..........@@......@...@.@.@.@...@..@..@....@@.@@...@.@.........@@@..@.....@.....@....@...@...@@..@....@..................@..@@...........@....@@@@.....@@...
@.@.@........@.@@........@.@@.@........@@@.@...@....@......@..@.....@..@...@@@..@.@.@..@.........@..@@.@......@....@......@..@..@.@@..@.....@.@.........@......@@..@....@@.@..@.@@..@@....@...........@.......@.........@.......@......@.@.......@TTT@@@..@.....
.......@.......@@@........@@............@...@....@..@..@.@@.......@...@@.@...@........@..@...@.@.@.@@...........@.........@........@...@.....@..@..@@....@.......@...@.........@.@@@@...@..@...@.......@..@@...................@..@....@@@.@..@...@TT@T@..@.@.@.
@@....@.@....@......@@.........@.....@....@......@@..@...@..@...@@T@....@@..@..@@.@@.@T@.@@..@@.....@@.............@.@@..@..@..@..@...@..@......@........@..@.......@.@@....@@.@.....@...@....@T@.@.@.@......@....@....@@@.......@.@.@..@@.......@T@TT@@..@...@.
..@...@......@..@....@@@..@.@@.......@.@.......@@.@.@..@.....@@@..@..@@.@T@......@.@.@T@@@@.@...........@....@.@....@@......@.@T@.......@@..........@..@..@.@..@.@.....@@...@@.........@...@.@@@..@....@.@.@...@.@@.....@.@@..........@.@@.@..@...@@@@..@.......
....@@...@@..........@..@@..@.@..@.@@@....@@...@@....@..@...@@@......@...@@.@.@.....@TT@T@..@.@@@@.@@.......@.....@@.@.@..@.@@T@....@.@..@@.@...@.@@...@@@....@...@..@............@.....@........@..@.@@.@.@..@......@@.@.........@..@...@..@..@...@TT@..@...@@.
.@.@@@@.@T@@.....@@.........................@...@..@.....@@.@.@@@@@..@@.........@...@@TT@T@@T@......@.....@@.@.@..@...@.....@@T@..........@@....@..@.@@@@@...@..@@.@.@@@...@...@.....@...@@@@@@.@.@@....@.....@...@@.@@.@......@.@.......@...@...@..@@@.....@@@.
@..@TTT@@TT@@.@@..@.@.....@.@.@.@...@@@.@......@.@..@.....@.@.....@@........@.@.@..@TTT@@@@TTT@...@.....@.....@..@...@..@...@TT@.@@@.....@@...@...@.......@...@@........@@@..@@.@..@....@....@......@.@..@...@@..@.@.@@.@..@.@..@......@........@...@...........
T@@TTT@TT@T@..@..@....@@.....@.....@TTT@..@@...@......@.@.......@.@...@.@@@@..@@..@TT@TTTTTT@T@@@..@....@...@.@..@...........@TT@@.....@.....@..@.@..@.@.@....@....@.....@T@.....@............@..@.@@..@@..@@@.....@....@..........@.@..@..@.@.@.....@......@.@@
