type octile
height 256
width 256
map
....@......@.....@.......@@...@......@.@........@@....@.....@@@......@...@......@.@.@.@......@.......@@@.....@........@T@.........@.@T@T@.........@.@.....@@@..@.....@...............@....@.....@..........@....@T@...@.@.......@.....@......@@T@@.......@......
..@.@...@...@.........@......@.@....@.......@@....@.......................@..@.........@..@@..@....@......@.@...@@@...@T@@@@....@@...@@@@...@.......@................@.@...........@.........@........@...@...@..@.@........@@..@......@.@.....@.......@......@.
.@.........@...............@.......@.@...@.........@.......@...@.....@....@.......@..@...@@........@@..@@@@..........@@T@@....@....@..@......@..@@...@...@...@@@@.......@....@...@..................@............@.@@......@..........@........@..@.......@..@@.
...@@@.....@........@.@..@...@...@...............@....@.........................@.............@.@@.@@.@T@........@.....@.@.@.......................@@.@..@.....@.@.@......@@@............@.....@@...@..@..@.....@...@.............@....@.@.....@........@.......
@@.......@@.....@...@.....@..@.....@.........@.@.............@........@.......@@.@...@.@@.......@......@....@...@..@......@.......@..@...................@..@........@.......................@..........@................@@...@@@......@...@..........@.....@...
...........@....@....@..@.@.......@...@.@.@@.....@.@..............@@@...@.............@.@@@....@@............@@..@.......@.....@....@..@......@.....@....@..@..........@....@..@...@.@.@@.@...............@..@..@.@.....@@..@....@.........@..@....@...@....@...
..@...........@.....@........@....@@@............@.@.@.....@.@......@......@..@.@........@.....@...............@.....@..........@...@@.@@..@.......@.@....@................@@.......@@...@..@.@...............@.@.....@.@@.......@@.....@.@..@.@.@..@@.@.@.@..@.
..@@..@........@...@.@....@....@..@...........@.......@...@.@..@...@@..@...@..@..@......@....@.@......@@@..@@@.@...................@T@....@.@..@...............@....@......@..@.@.@@.@.......@.@@.@................@...@@...@.....@...@....@.....@@..........@T@
.....@....@.......@.....@....@.......@...........@...@....@...@...................@@.@@.....@....@....@..@.@.@.@.........@@...@.....@@...@........@.............@..@..@........@........@.@..@..@@....@..@....@@...@.@..@.............@.......@.......@@.@..@.@.
..@.........@@.......@....@........@@.@.@.@...@..@......@..@@......@.....@..@....@.@...............@..........@.@.....@..@T@@.@@.........@.........@@.@.........@......@.@@........@....@......@@..@.@.............@..@.@..@..@..@....@....@@.@...............@.
......@@........@.@@...@@........................@........@.@.@@..@........@.@@.@.........@......@..@.....@...@........@@T@..@..........@...@@@..@.......@@..@..@@.....@.....@@......@....@.@....@......@@@..@..@@....@@@@....@@.@...........@..@..@..@...@.....
..@....@.........@......@..@...@....................@..................@@.@@..@@........@.@...@....@......@......@...@...@..........@....@@...............@..@@..@.......@..@T@.@..............@...@@@.@.....@......@...@.....@......@...................@.@....
.@......@@.......@..........@.....@...@......@...@....@@.@..@...............@........@.....................@...@......@..@...@@.@@..........................@...@.....@..@@..@....@.....@.@......@.............@.@@.......@.@....@@...............@.....@.......
.................................@.........@.......@...@@.............@@....@.....@...@@..@.@@.@...@@...@......@@.....@.@.....@.............@.......@......@....@....@..........@....@.@...@....@....@.@@....@.....@@......@....@@.......@...@.....@.@@.........
.@@..@.......@.......@.........@.@.......@...@.....@.............@..@..@.......@..@......@@@.....@....@...........@..@..........@..............@.@....@.@@...@.@..@.@..@...@..@.@@@......@.............@..@.@......@..............@.........@......@..@..@@....@
...@....@@@.@@..............@...@...........@......@.@@..@.@@..@........@....@...@@..@.....@.....@......@..................@..@..@......@........@@..@........@.........@.......@...@....@..........@....................@....@.......@.@..@...@....@.....@.....
.@...........@......................@.@..@....@....@....................@.................@...............@.....................@.@....@........@...........@@...@@......@.@...@@................@..@...@@@@@...@...........@..@@...@.............@..@...@@@@@..
........@@@.@.....@......@...@.@@......@...@..@@.@.@..@.@@@.......@.......@...@........@.......@@@......@.@.......@.......@........@...@......@.@....@...@....@...........@..@@@T@...@@.@................@..@..@.@..@@@@@...........@..........@.@...@..........
..@......@..@@....@.@...@@..@..@..................@.@...@@.......@......@@.@@.@..@..@.@...@.....@@...@@@.@@@...............@.....@.....@.....@......@.@....@........@......@....@@..@....@@.......@.......@................@...@@...@.@.........@......@..@.....
......@........@.....@..@..@.......@........@.....@...@@.@............@.............@.....@.@@..@@.....@.......@.@.@@...@............@..@@.......@......@.............@....@@..@.......@....@.........@...@...........@@...@......@.......@.@@.............@....
........................@@.@.@........@..@...@.....@......@...........@..@..@.@@..@.@...@.@.......@....@................@...@.@.....@@..@..@.@............@..@..@....@.@.....@....@..........@...@..@.@.@...............@@....@.@.@.............@...@........@..
.......@.@@@@......@...@@.....@.@@....@..@....@..@@@@.......@....@.@.......@T@..@..@@.....@.......@.@...........@.@@......................@.@.......@..@.@@..@....@..........@......@.@@..........@.@.........@..@............@...@..@.@.@@....@.......@........
.@........@@..@.....@.......@@.@.....@T@............@...@......@@.......@...@...@............@..@@.........@@.......@@...@.@@@.................@........@...@....@...@@.......@.@......@@...@.....@...@@...........@..@.....@@..........@.........@..@.........@
...@.........@@.@...@..@..........@...@...@...@.........@......@.........@.@@...........................@.@...@@......@.@...........@@..@..............@....@@.@...@.......@...@.........@..@..@..@........@............@@.....@.@...............@......@..@@..@
...@................@.............@......@@..@@.........@.......@......@..@.@.@@@.@...............@@@@.........@@......@@@.@.....@....@..........@@....@..@.......@.........@.....@......@@...@.......@@...@.@.@..........@@......@@............@@@...@@.....@@T
..@..@....@.@@....@..@...........@@..........@......@.....@@....@.....@............@......@@@@@........@..............@T@@.................@..@.......@.@.@.@......@@...@.......@....@..@..........@.........@....@@.........@.......@..@.@......@.......@...@T@
..........@.....@...@..@...@...@@......@@....@......@..@.@.............@.......@......@@......@@.............@.......@.@.......@...@..@....@..@.@...............@@..@@..@.......@..@.....@..@@.@..@@.....@@.@.....................@.......@...........@.......@T
@@..@.............@....@@......@@..@..@@@....@.....@.......@@......@.......@.@...@.......@@..............@..@....@.@....@.............@@.....@.......@@..@.......@..@@..@..........@@........@...@........@..@.....@@.@........@...@....@@@@......@............@
...@.@.@..@@........@.@..@.......@@@.@....@.@............@...@@@....@@......@...@.......@....@.@..@........@.....@..@....@............@..........@....@@.@......@.....@@........@.........@@.....@@.@...@@@@...........@@...........@.@....@@.......@...@.......
.......@..@.@....@........@@.@...@.@.......@.......@......@............@@..@...@..@.....@..@...@.@..@......@.....@.@..@.@.@.@.........@.@..@..@.@........@......@@.@...@.........@.............@..@..@.....@.....@.@.....@@...........@@.@..@...@....@.@.....@..
.@..@.....@....@.....@..........@...@@.....@@@..@@......@.............@...@@..@@@@.@.........@.............@...@@@@..@......@........@....@...@@...@@.@..@.......@.....@....@...@.@..........@@...@...@...@........@......@...@........@......@@....@........@..
@..@........@.....................@....@....@....@..@..@..@@@..........@......@..@......@.....@@..@..........@...@@..@....@........@................@.@........@..........@.@.@.....@..........@..@....@...@@.........@.......@@.....@.@......@..@@.......@.@...
.@.....@.@.................@@...@@...@@....@........@.....@.@..@....@.@...............@@@..@...@@@.......@@.@.......@.......@....@.....@.@.......@...........................@..@@.@...............@.@@@...@@......@..@............@@@...........@.@.......@....
.....@......@@.............@....@....@..@@.......@.......@.............@...@.............@@...@@........@.....@.@@@..@.@...........@........@.........@....@@...............@@......@........@....@@.@....@...........@.@@..@@@.........@...@.............@.....
........@............@.@@..............@...........@.......@@@......@.@.....@.@.......@@..@@.@........@........@.....@...@.@....@.....@..@.@...@.....@T@....@.@.....@@...@@..@......@..@.....@....@.@T@...@..@..@...@..................@.......@..@...@......@@.
.....@.....@..@........@................@...@..@...................@........@........@......@.@...@..............................@....@......@@.@.@.@.@.........@.@.@..........@.................@...@......@@...............@....@.........@..@.........@...@..
....@T@...@...@..@......@.....@.....@...@............@....@@.....@...@................@..@....@...............@...........@.....@@.@@......@@...@..@@..@..@....@...........@.......@...@....@....@....@......@........@..@....@.....@....@..........@@..........
@....@..@@...@..@......@.....@........@.......@.@@.....@@@...@.....@....@.@......@@@@@.@@..@....@...............@........@.@.....@@@.@.@.@......@................@@.@@@@.@....@.........@....@..............@........@..@.........@@@.@................@..@@.@..
.@@@..@...@.@..@....@@.@...@@......@@..@......@..@....@..@...@......@...@...................@..@.@..............@@.@@.@........@...@............@....@..@@@@@.........@...@.@....@.....@...@...@...@.....@...@.@................@@@T@.@.......@@..@............@
........@@........@@........@.@@.@...@@.....@.@.@......@............@............@.......@...@......@.@.@...@.@.@....@....@....@..@...........@..@@..@.........@.....@...@......@.@.....@@......@........@@..........@...@...@.....@...@......@......@...@......
...@.@..@..@.@@..........@............@............@@....@............@.........@..@.....@.......@.@..@......@.@..@..@...@.......@..@........@.....@@@..................@......@......................@...........@@.@..@....@..@.@@............@@...@.......@.@
.@..@.....@...@.@@.@@.......@.....................@@..@......@....@.....@...@@..@...@......@..@@...@......@....@.@....@.@....@.@.@@.....@..@.........@........@..@@....@...@@.........@.@.@.@........@...............@..@@...@.........@.@.@.@@......@@.........
@..@........@..............@......@@.@.......@.........@.@.@@@..@...........@...@@@..@.......@@............@....@.....@.@....@...@...@.@..@@....@.@.........................@@..@.........@........@.@.@..........@...............@@...@............@.@........@
.....................@.......@.@............@.....@.@.............@.@....@.@........@..@.........@...@.........@...@.............@...@.........@@.@..@.@..@..@....@............@.....@@....@.........@@.....@...@.@@.@@..@.@....@...@........@..@......@....@.@T
....@@@.@.@..............@...@..................@.@......@..@....@........@T@......................@......@.....@...@..@.....@................@...@........@.......@..@..@.....@.@...............@....@.@..@............@@...@...@......@..@......@...@....@..@@
@..........@.......@@.@@............@@...@@....@.@@@...........@...@...@...@.......@.@.@..@.@..@....@.............@............@@@.....@...........@......@......@...@@..@....@..@..............@.@...@@@....@@............@..............@...@.@........@.....@
......@.@.................@..@....@..........@@....@................@...@.@.@...@..........@.....@.@...@.....@..@@.@........@.........................@...@@......@@.....@.@.@@......@.@.....@@...@.....@.@........@...@...@.@.....@.@..@@.......@..@.@....@..@.
...@@@........@..........@.@.@..@........@@.@..........@..@.....@................@@......@...@...........@............@....@@@........@..@..@..@...@....@....@....@@.@.@............@..@@.@.@@.@....@.....@..@@@.........@@.....@.....@.@..@.......@..@@......@.
...............@......@@....@@..................@....@................@..@...@..@@.........@.....@.....@@......@.....@@@@...@...........................@@.....@..@@.......@@@..........@..@......@.....@.@.........@.....@.@....@...@...@@.......@........@....
@@....@.@......@@........@.@.........@@@.@.......@@@@.@@@.......@.@........@.@..............@@@..................@....@@..@....@@@@@.@....@.....@.....@....@.@@.@.@@.......@..@.@..@@........@.@..@............@....@...........@..@....@......@@...............
......@..@.....@.@.@..@.@...@..........@.....@...............@.....@..@..@...@....@.@.@.....@....@........@.............@.@..@.....@.@..@..@......@....@@@...@....@.@@.@.....@.....@......@@@....@@................@......@@....@@@...@@T@....@@.........@..@@..
...................@..@@@........@@.....@.@...@@............@@..@..........................@...@..........@..@...........................@@.........@............@..@.@..@...@...@@..@.....@............@.@....@...@.@@......@...@...@..@...............@...@...
...@@....@@...@@..........@......................@....@@..@.@.@.....@..@.............@...@.@...........@@@...@...............@...@..............@.....@.....@.......@.....@.@....@@@.@.@....@.@...........@..........@@......@@.....@@..@..@...@.@..............
..@T@.@@...@......@..@....@..@....@.@.@...@.@..@@.....@@.@..@...............@@......@.@.......@.........@.......@....@.....@@...@@@@..........@@...............@@..@...@@.@.....@@..@.@T@....@..@@@.@..............@@@..@.@..@....@@......@..@.................@
...@.....@....@............@...@.....@....@.....@........@....@..@.......@@...@@@@.....@@@....@.......@.@@@@..@.........@...@..@@..@......@...@@@........@....@@.@..@.........@.....@..@.....@......@.....@..@@...@....@..........@...@..........@.@....@.@@@@..
@..........@.......@....@.@.@.@@...........@@@....@..@........@.........@..@..@.....@...@....@.@.....@@.......@...............@......@@.@@...@.......@@.@.@..@...@@.....@...@...............@...@...@...@.@...@@......@@......@..@...........@.@....@...........
.............@.@...@.........@.@..@@.........@.............@..@.......@....@.@.@.......@..@@...@.......@@@..@@@...........@@......@.@@....@......@......@..@................@....@.......@.@.@.....@@.........@........@...@..............@...@.@..@..@..@..@@.@
.....@@....@...@.@.@.@@.........@.....@...............@@........@...@..@....@..@...@.@.........@.......@..@@@......@@.........@..@..@@@@......@...@..@.....@....@@...@@...@......@...........@@.@..@..@...................@....@...@....@@......@.@........@@...
......@...@@.@....@....@....@...@..............@...................@.................@....@..@.@.@..@....@.....@.@.@.@@.@.@@.@...........@@.@@T@@...@.....@..@@.@@.@..................@....@.....@@..@@..@@.....@.....@...@.....@.@.....@.@......@............@.
.......@...@@@.@.@.......@...@..@..@.....@....@..@..@..@..@..@@........@..@.@@...........@....@.........@...@.....@...@.@.......@...@.....@...@@..@...@.....@..@.....@.@...@...@.......@..............@....@....@....@...........@@...........@.@..@@.........@.
@...@...........@...........@.@.....@............@...@..@.@...@....@.............@..............................................@.@....@...@...............@@..@.@.....@........@....@@@@........@........@.......@...@.........@.@....@@.....................@.
@....@...@............@...@.@.@.@.....@@............@.....@.............@@.@..@.......................@...@.@@.@..@@..@.........@...........@@....@..@...@.@@.....................@........@@.@.....@......@.....@@@@.........@...@..@....@.@.@....@......@..@..
T@......@..................@.....@..@....@...@.@....@.@..........@@..@...@.....@......@@.@...@.@.......@.....@....@...@@...@........................@.@...@......@.@.................@@...........@..@.@.@....@.....@.@@@.....@....@..@....@...@..@.............
@......@...........@......@.@...@@..@.@@@....................@......@..@..@..@@...@.@.....@.@...@.......@.....@.....@........@.@..@..........@...@..@.......@...@.................@............@..@@@@......@@...@..@@..@@....@.@.@@...@......@.....@....@....@.
....@@....@.........@............@...@@...............@@.................@..@..@..@..@.........@@@...@@.@.............@.......@...@............@@@@@....@..@@....@...@@@...@@.@.....................@T@....@......@....@.....@T@..@.@@.@.....@.........@.....@@.
..@....@...@.@...@......@@@@.@.@.....@.@.@.@@@............@.........@@@......@.........@....@.@.....@@@.@.@.@@........@..@.@........@@....@@..@......@.@...@..@.@....@...@@....@.@................@..@.....................@..@................@.@.......@..@...
.@.........@..@...@........@...@..........@.........@................@..@@..........@...@.@..@.@..@....................@@T@...@.@..@.@.@........@.........@..@@.@@@...................@@@.@....@....@..@..@.............@....@T@.@.@.@.@...@.@.@.....@....@....@
@T@.................@.@.......@.........@.....@..................@.@.@....@..@........@@@...........@.@@.@@.........@..@@@@....@.............@.@........@......@...............@....@.....@.@....@.........@....@........@....@..@..@......@.....@.......@..@.@.
T@@....@@...@....@@........@.....@@.....@....@@.....@..........@...@.....@T@@...@..@...@@........@.....@..........@....@...............@........@@.@....@@@........@.......@.....@...@@.......@@.@................@@......@@@.......@.......@.@...@..@..........
T@...@.@..@....@@......@......@.....@...........@..@.....@@.@@.......@@...@@T@.......@.@..@...@............@...@....@...........@..@..@..........@....@.@..@@..@....@@....@.....@@..........@........@@....@..@.@..................@....@@.@.........@.....@....
@.......@...@.....@.@......@.@..@......@....@.......@@@...@.@...............@..@.................@..@.........@...@.........................@..@@...@@@@.@...@.....@.@.........@.......@...............@.........@.@.......@....@.....@.....@...@....@..@....@..
......@...@......@.@....@.....@....@...........@...@..@..............@...@......@.......@.@@..@....@.....@....@...@@...@...@...@.@..@@.@....@...@......@......@..@@........@........@....@..@@...@.....@................@....@......@@.@@.............@.....@.@.
@............@..@.......@...@.@@.@...@@.@...@.@@......@..@............@.....@..@..@..@...@.@@............@......................@....@.@.@@.@....@..@.@.@..@@...................@..................@..@.......@@...@@.@.........@.@......@...@....@.............
@...@.....@..@....@......@@.@...@........@@........@.@@...........@....@....@...@..@.@......@@......@......@...@@@@@.........@......................@@..@.....@@..@.........@.@..............@...@........@.@......@..@@.@..........@.........@...@...@.@@@....@
....@@..@.@.@........@@.....@....................@......@....@..@...@.......@.....@.........@...............@...@...........@.......................@....@.......@......@.@.......@@...@@...@..@@....@@......@......@......@@......@...@....@@....@.......@....@
...@.....@.........@...@.@..@...@.......@.....@...@@.........@.@......@....@........@..........@...................@....@.@.@........@....@@@......@..........@.@.@.@..@.....@@...........@@@.@..@.......@........@.@.....@....@......@......@.....@..@..@.....@
....@................@.......@..@@....@@......@.@.........@@......@........@..@.@.@..@.........@..@@.@@............@.........@@@....@T@......@...@@............@......@@......@.....@...........@@@.......@@.....@......@......@.....@@....@......@...@..@.@....
......@...@.@.....@.........@..........@@.@.@@...@....@..@..........@...@.@.@...@.@..@@@...@@@...@..@...@..@..@..@.............@..@..@..........@@.....@.........@.@....@.@@....@.@..@..........@....@.........@..@..@.@....@@.............@...@.@.@..@@.@......
@@...@.......................@........@@...@...........@....@@..@.......@.....@.@@....@..@........@.@.....@..@.@..@..........@.....@..@.@.@....@.......@.@.@....@..................@........@@...@..@@.@..@......@...........@......@....@.@.@.@....@..@..@.@...
...@.................@..........@............@....@..@...........@..@.@.........@..@....@...........@.@..@..@@.@@..@..@..@..@@....@..@.....@@........@..@.@T@...@..........@.........@..........@T@..@....@.@...@...@..........@..........................@..@..
..........@......@.@....@@..................@...@.@...@.@........@..@@.@.@.................@............@..@@.......@.@@....@@......@..@........@....@.@@..@@..@...@@@@..@...............@..@.@..@..........@.@@.......@.......@........@@.@...........@.....@@@
.........@@....@..@...@...@.....@.......@....@.@..@.....@.@@...............@............@.@.........@..........@@..@..@@..@.@....@.........@............@.@.....@.......@.@....@..@@...@........@...@@.@@..@@..@@@......@...@....@..@@.....@.........@@......@@@
.................@@......@@...@@....@.........@......@.@.....@@......@..@@..........@.@.................@......@......@....@.............@..@......@..@......@.@..@.......@.....@........@@............@.....@..@..........@..................@.........@.......
......@@.@...@..@.@.@........@..........@.@..................@..@.@@....@@@......@@@....@.........@.....@....@.@@.@.......@@...@..@......@.@....@.@T@....@.@@......@......@...@..........@..@@..@...........@@.@...@.....@....@.@.....@.....@....@........@.....
........@T@.@..........@...@..@@........@....@...@..@....@...@.....@...@...@...@..@T@.....@.........@.@@..@@.@....@.@@.....@.......@...@.@..@...@..@.@......@...@.......@......@...@....................@@@....................@....@......@@....@....@...@.@...
........@@...........@.@.................@@.@..@@@.@............@.................@T@....@...@....@.......@........@.......@........@@@...@..@........@@...@@@.@..........@..............@@.@@....@........@.............@.......@...@...........@...@.@....@...
@....@...@............@...@.@..@@....@@...@@..@...@...@...@..........@.@@...@......@...@.@..@..@.....@@..@....@........@....@.......@.....@@........@........@.....@.........@.......@...........@...@......@.......@..............@@.@..@@...@....@.@......@...
...@.....@........@......@..@.........@.........@@..@@.@@@.....@.......@....@.......@.@..@.....@........@.@.@.....................@@............@@@.@............@........@...@@.....@.@.@...........@.@@.@........@..@@.@.@.....@........@@...@....@....@..@...
..@..@.....@@...@@@...@.@.@..@.@.........@.....@.............@..@..........@@..@@..@...........@.....@.......@..@@@...@....@......@..........@....@@@.@.....@.@....@.@@.@@....@T@........@.....@...@....@........@..@@.......@..@....@@.@.@.....@@....@...@@.@@.
.@.@@...@...@...@...........@......@.............@.....@..@...@..........@...@................@@...........@.@..@T@....@@@@.......................@..@..@.......@..@...@@..@..@@..@.@@.@@........@..........@@....@..@...@.....@......@..@....@.....@@@........@
........@...@.@.........@@.....@@@...@..@.@..@@@...@@....@...............@......@........@.............@.........@.....@...@@.......@...@..........@......@@...@...@.....@@...@.....@...@..@@.@...@@.@@..@@....@..@@.@......@...@..@..@......@..................
@.@..@....@....@....@.....@....@.....@.@....@@@T@.....@..@...@...@...............@@.........@......@.@.@...@@........@@@....@@@..@.@.@.......@.............@....@..@@.@....@..@....................@..@@@@.@.@....@@........@.....@@....@.@..@@.....@......@.@..
@..........................@.@....@....@..@.@.@@..........@.@@....@...........@@...@..@.@...................@..@.@.....@...@@.........@@@....@@@....................@....@@......@..@@...@........@.....@@.........@.@@@.@...@......@.@....@.......@@.@....@....
..@.........@@..@.@@.........@.....@..........@...@....@................@.@...@.........@.........@..@..@....................@.........@......@@@.@.@....@.@...@....@...............@..@..@..............@@.@....@..@.@.@....................@.@..@T@@@.@@..@@..
................@@T@..@...@.@......@.........@..@.@.........@.....@....@.......@.@.@............@@.@.@...@@@.....@.@.@........@...@.......@@...@.....@.@......@..............@...@.....@.......@..@....@........@...@..................@....@..@...@..@@..@.....
.....@.@.....@...@@.......@...@..@@.........@@....@@...@............@.@......@.......@..@@......@....@.....@...@.@............@...............@....@.....@..........@.......@@.@.@......@.......@......@.....@......@.@.@.......@.@.......@...@@.........@@.@...
.....@@.........@T@....................@....@.........@..@.@....@.@.........@.....@@....@@.@.............@.......@@......@.......@..........@..@..@...........@.........................@.@..@...@.........@.......@@.@@............@......@..@.@....@.....@...@
@..@.@@...@@.@..@@.@.@...@.@.@.@...@................@.......@.@......@.@@...@..@.@....@.............@........@.....@....@.....@......@@.....@@..........@..............@..@@.@...@@@.@...@.............@.@@..@.@.@.@T@....@@..@@@.@.....@...@....@....@.........
@......................@..@..@@..@..@.@..................@.....@......@@......@@.....@...@@@@.@......@...@....@.@........@....@..@@..@...............@...@@...................@@..@....@...@....@......@....@.@.@...@@..@......@.....@......@...@...............
.......................@.@T@.@............@.....@.............@.......@.....@...............@.....@@.@@@.@..@@...................@.................@......@.........@..@....@@.@..@...................@................@...@@..@......@....@......@.........@..@
..@..@...@...........@....@............@.......@....@@@@....@@@..@.............@.@....@............@.....@.........@@@......@.........@............@..@...@@...........@...@..........@@....@..@.........@.@.@..@...........@......@......@..@@....@...@........
.....................@................@@........@..@....@.....@..@....@.....@@.@@@@..@......@.@.@.@.....@@@...............@@.@........@......@@@........@@........@.............@...@.@......@.....@...@..........@..@..@...@.....@............@@...............
.........@..@...@@@..@@.....@@...........@....@.@.@...@@..........@@..@@..........@..............@...@@......@@....@...@@.....@.....@..........@.@....@...@..@..@..@@.@.@@......@............@......@@...........@...@@...............@..@............@.........
....@@.....@......@.@..@...................@@....@..............@..@.........@..................@..@....@......@...@.....@..@..@....@@..@....@....@@.............@..........@..@..@...............@@@.....@.....@...@..@..............@....@@.....@@.......@.@..
..@..........@....@....@.@.........@....@.@..@....@@.@......@.@...@.......................@.....@.@@.@...@.......@.............@@@......@..@.....@.......@.@........@@.....@.....@.@.@.....@@.....@................@.@...@@..@.@..@@........@.@@................
.....@@..@..@..@..............@.........@...@....@....@.......@.@..@..@..@@.......@@.@@@@@@.@.@....................@....@........@@...@@....@......@.@...@......@@.@.@.........@@.....@@.....@@.@..@...@.................@....@......@@..@.@@@.............@....
............@.@....@@.......@@....@.....@.@@............................@..@.@..@...@.@.....@..@.@....@................@..@..@..@.@...@...@.....@.@........@.@....@@.............................@.@..................@..@......@@.......@..@.....@..@...@@..@..
@...........@@..........@@@...@@.@.@........@@.....@..@.@.@@@.........................@...@....................@......@@..............@....@.@....@..@.....@...........@.@.....@.....@......@..............@..@....@@.....@@..@.@....@.@.....@..@...@..@@@@@..@.
......@.@....@..@......@....@.@.....@..@.@......@.@..@T@@@.........@....@.@.....@...@..@.@.....@.@.@........@.............@...........@..@.@......@.....@@........@.......@.................@....@@....................@..@@.....@.......@@.............@..@....
..@...........@.....................@.@T@........@....@...@.@@...@......@........@@...........@.............@.............................@.@........@...@.@....@.@.....@.........@.@.@.....@....@@@.@...................@....@......@.@....@.......@...........
.@......@..@.....@.@...........@......@@@..@...@..@.......@...@.@................@T@.........@......@.......@...@......@@.@.............@.....@.....@.....@@...@T@@.............@........@......@@@.@..@.@......@.@......@...@...@.............@.....@.@@..@....
..@....@@.@...@......@@@....@.......@........@@@..@@@.@....@..@@.............@....@.......@..@....@....@.@..@@.@.....@..@..@@@.....@......@.....@@.@...@...@.@..@...@.....@..........@.........@.....@....@.@....@T@........@@.........@..........@.............
..@...@....................@@@...@.@.....@......@...@.@.@...@......@..@.......@..................@........@.@.........@...........@@...@........@@@...@......@@.......@...@........@.......@...@.@.@.@..@@........@......@....@......@@@.@..@@...@......@.@.....
.....@........@..@........@@.@..@T@..@...@...........@.@.@...@.........@........@@@...@..@@....@@...@.....@..@...@......@.....@...@.....@..@.............@@........@..@@.....................@....@@@@......@.@@@@........@.....@..@...@@.@@........@......@@.@.
.........@.......................@@....@.....@...@.......@.@..@.@.......@...@..@@....@@@...@.....@.........@..@.@............@....@@.@...@......@....@.@...........@................@.@.@@.........@....@..@T@...@@............@....@........@.@....@....@@....@
........@......@............@.@.@@.@@......@..@.@.....@.@..@@...@.@.........@......@...@...........@...@....@...@..@...@........@@.......@...........@@..@@............@.@........@.@....................@.@@@@..@.......@.........@@.....@.@..@..@.........@..@
.@...@..@....@.........@.......@@......@................@..@......@..@......@........@..........@.....@@.....@............@@........@@...@@.@.@.@.......@@......@@.@.....@.....@......@...@.............@....@.................@@.....@@.@..........@......@@...
...@.......@.@..@....@.......@@@.............@.@..@...@.@.........@@......@.......@.....@....@...@....@..@....@......@.........@..@..@..@..@......@...........@@.......@.@.@@@......@...@...............@..@.....@...@...@@..............@..........@@...@.....@
.@.........@@@......@@...........@@.@.@.@@....@.....@.@....@@.....@...@........@..........@@..@............@........@..@..@...@.....@..@...@.@@..@.@...@...@@........@.@@..@@...@...@......@.......@.@..........@T@....................@....@@..@.@.....@.......
@.@@..@...@...@@..@.@.@.......@................@.....@.@....@@..@......@..@.....@.............@....@@.@....@............................@...@@@.@..@..@@..@................@...@.....@.@.@........@......@.@....@@......@.@.......@..........@..@...@...@@.@...@
.....@...@..@.@..@@@........@@..@@@...@.@..............@@..@@.@......@@....@...@@..........@.@..@..@@.@..........@....@@....@...............@.@.....@@..@.......@.........@..@..@.....@....@......@@..........@..@.@.@...@..@..@@...@.......@....@...@.....@....
..........@...@....@..@..@....@................@..@.....@..@.......@......@....@@..@..........@@...@......@.............@.....@.@.@....@..........@.........@.......@.........@...@@.......@@@.............@.@@..@...@..@@.............@.......@.....@......@...
..@@..@@......@..........@.....@@.@.....@...@.......@....@..@..@................@............@@......@@....@..@..@@.....@..@...@.@....@.............@........@.@..@...@......................@..@.......@.@@..@.....@..@T@...............@....@....@@...........
..@...@@....@.........@.....@............@.....@.@.@..@.@........@........@..@...........@.@..@......@....@..................@.@...............@.....@..@....@........@...@.@@...........@.@@@@@...........@..@@....@...@..@@.....@..............@...@..........
....@@T@.@....@.@@@......@.........@.......@...........@@@.@..........@..@........@@.....@.....@..@..@..@....@.....@@@..@.@.....@@.......@.....@..@.......@........@.....@.@......@...@.........@@.....@......@@...@..@..............@......@.....@...@@@.....@.
.@.@.@@..@.@.....................@.@...@@............@.@.@...@.......@@@......@@..@...@@........@@..@....@.....@@....@@...........@.@....@...@......@.....@.......@@..@.@@...........@@.......@.@..@.....@...............@..@@.@........@......@..@...@@...@@@..
.......@..@.......@.@.........@.....@....@..@.@.....@.....@.@.........@......@@..............@.@...@......@.@......@..@...@...@@@@...@..@.........@.@.@......@..............@@@.....@....@...@.......@..............@@@.......@..@..@@.......@................@.
.@....@.@......@.......@.@@@.....@...@........@........@.............@.....@@...@............@@..@..@.@...@...........@...........@........@..@..............@@.@@@.....@......@.@@.@....@.@..@.@@@...@.......@.@...@.......@.......@...@@..@..@@.............@.
.........@...@....@......@.@.......@....@......@...@.@@...@.......@@.......@...@....@...@.....................@@..@....@....@.@.....@....@........@.@........@...@....@@...@..@@.@....@....@@.....@@.....@@@...@..@....@.@@...@@...@@..........@...@............
..@@.@.....................@....@@...@...............@........@.......................@@....@...@.......@.......................@.@.....@....@..@.@...@............@....................@........@...@@...............@@@T@...........@.....@@..................
......@@.....@....@....@@.............@.@.....@......@..............@....@@.....@.........@........@...@.@@.@@@...@.......@.........@...........@..@..@.....@@....@T@....@..........@............@..@.@............@....@@T@.@........@@..@........@......@..@@.
.................@.@........................@..@..........@...@....@.....@@.....@....@........@.@.@@.......@......@......@@..........@.@....@.@....@.........@.@@..@..@.......@.........@.......@@.....@.....@....@@@.....@...............@........@.@....@...@.
....@@....@........@@.@....@......@...@..@..@..@.@.....@..........@.@.......@...@....................@..@@..@@.@.@..@.@@.@.....@...@...@@@...@.......@.........@.@..@..@.....@@.@.@.@..@.........@......@..@...@@....@@..@...@.@....@............@....@..@..@.@.
.....@........@...........@................@@......@..@.....@........@..@.......@.@....@....@....@@.....@@..@@..............@...@...@@..@....@.@.@.........@@@......@@.....@...@.....@.@..@........@..............@@..@@.........@.........@@@........@@........
@......@........@..@...........@...@...@..........@..@@....@...@...@...............@....@...@..@@.@.@@..........@.@.....@@...@.@..@......@..@.....@....@@....@.......@@..@.....@.@..@@.......@....@..@@.....@@.....@....@.....@..@@....@.........@@....@@..@@...
......@....@.@@....@...@........@....@@..............@.....@....@..@@....@@@@.@...@@...@...@....@.@....@...@...........@................@.@.@..@@...@..@@....@...@.....@..@...@...@................@..@@@......@.....@@..@..@.......@....@@.....@.......@.@..@..
..@........@.@@@.@............@....@..@..@....@@.......@................@@@.@.....@..@@@.....@.@..............@.....@..........@..@..........@@..............@........@..@@.....@....................@.@............@............@.@.....@@.@....@..@...........
..@.........@..@....@..@...@.@......@......@...@..@@.@...@............@.......@@.........@....@@.......@....@......@.@.........@@..............@..@.@..@.@@.....@..@..@.....@.@..@........@.@.............@.......@..@........@@@......@...@.@.....@..@...@....@
.@@.........@..@......@@..@@.......@.@..@...@...@......@..@@...@..........@.@..................@@..........@.@.......@..@.........@.@.@...............@.....@@......@@.@...@......@.@..@.@@.@.@.@....@.......@.@...@@......@@@@..............................@..
.............@.....@......@@@....@..........@.....@....@...............@.@@....@@..@@.......@@.....@....@........@..@.@.....@@..@..@@..@....@.....@@..@..@..@.............@..@.........@.........@.@.@...........................@.@...@..........@...........@.
...@..@@..@...@.......@.......@..@..@.......@@@....@...........@..@...@......@.@........@..............@........@......@@..@.....@.@...@......@............@......@..........@....@@.@.@....@....@.....@......................@...@...........@...........@.....
...@...@@..@.....@......@.@@....@T@....@.....@..@.......@@.....@.@.........@..@T@.......@...............@.......@....@.@.@......@T@@....@............@...........@......@.@.@..@@..@.......@T@..@.................@..@.......@@@...@...@....@.........@...@..@.@
..@.@@...@..........@........@..@@.................@............@...@.@@..@...@@@......@............@@..@..@...@.......@....@...@@..................@.....@..@...@............@@..........@@@........@@..@.@@.@...@..................@..@.....@@..@..@..@.......
..@.@..@@@..@.....@...@.....@.....@.@@@....@...@..@..@..@......@@.@@@....@.@..@.....@@.@....@........@@.....@@..@..@.....@..@@.@.@..........@@@................@...@...@.....@...@......@.@..............@...@@.............@...@..............@....@@.@........
....@.....@.@....@@@@.@..@....@....@@..@@..@..@..........@.@..@........@........@...@..@......@.@.@@.@..........@..@..........@@.....@...@...........@......@.....@..............@....@.@..@.@..@@.@..........@......@....@.@@.@...@.......@@......@@...@..@@...
@....@.........@.......@.........@@...................@........@.......@.....@@....@...@..@@..@....@@.@.@..@........@.....@.@....@@@.....@@........@........@.........@....@.....@@......@.@@....@...@.......@....@.@@.@.......@.@....@..@...@........@....@....
@..@..@...@....@.@...@..@...@@..@TT@.@.@.........@.@..........@.@.@............@..@.@@.....@@...@.@......@.......@..@.@.@.......@......@....@@@...@.@...@.........@...@.@..@....@....................@....@..@...@...@..@......@.@..@.....@.@...@.@.....@.@@.@..
.@................@.@.@..@.@..@..@@...@.@....@@..@.@.@.@@............@@...........@.....@.@........@....@.@.....@......@...@..@...@........@..@......@..@....@@@....@...@..@.....@@@@...@...@..@.....@.@.@..@.............@@..@..@....@@...@...@...@....@@.....@
....@.......@.@@.@......@.......@@................@@.@@........@...@....@.@...@.@....@............@@...@...@.@....@...@...@.....@.......@@@.........@.....@@....@..@...@@......@...@...@@..@T@.@......@...@@...............@...@.....@@@....@...@..........@@...
.@...........@......@..@..@........@.@.......@...@@......@........@....@.........@..@@.@............@@@@.@@.........@@...........@.......@....@.....@.....................@...@@.@..........@@@.@.......@.@....@..@.@.............@..@.@...@...@....@.....@.....
.....@@...@@................@@.............@..................@....@.@@....@.....@...@...@...@@@.............@...@.@T@@......@........@.....@.@.....@@.....................@.............@....@.@....@.......@@.......@.@...@.@..@...............@@.@...@...@.@.
.............@......@........@.......@........@......@..@......@.......@@............@@..............@@@@...........@@.....@@.@.......@......@.............@.....@......@...............@.............@.@..@....@........@........@........@@.@@.....@..@.....@.
@...@...@....@.@.........@..@....@.@............@......@.....@......@@.................@.@@..@......@.@...@........@@............@@......@..@..@....@...@.@...@....@@.........@....@..@.....@................@.......@....@@...@...@..@..@...@..@..@..@.......@.
...@...@@...@.....@@...@.@@..@.....@@...@.@......@@.@......@..............@@.@..........@.@@....@@.....................@@..@.@@.........................@.@........@.@@.@............@@...@..@@.....@.....................@@@...@.@..........@....@.@...@.@.....
..@.@...........@.....@.......@............@@...@........@..@....@....@.@.....@....@@.....@....@..@....@@........@@.....@......@........@....@.....@...@@.....@.@........@...@.....@.......@.@....@.....@..@.....@...@...@.....@@...@...@.@.@@.@.......@........
@@@.@...@...@.@............@...@...........@.......@.@......@@..................@@....@..@..@........@@.....@.@@...@.@....@..@..@.@@...@..@@....@..@......@..@.........@......@.@@........@....@....@......@............@.................@.........@.......@.@@
@...@..........................@.@...........@.@.@.....@@..@...@@@...@@@.......@....@.......@....@....@....@........@........@....@@...@..@...@..........@.@.....@@@............@....@...@......@@..@.@.........@....@......@..@@.@.........@..@..@.......@.@...
...@@......@........@....@...@..............@.........@...............@......@...........@..........@...@...@..@...@..........@@....@@...........@@...@......@......@@.@...@...@............@..........@.@@.@..@....@.........@@........@........@.@.@..@....@..
.....@.@.@..@.....@@T@@.@...@.......@.@..........@@..@.............................@.....................@.@@@..@.....@.....@..@....@...@.......@@..@........@......@......@..........@.....@.....@.@@.@@@..@@......@.......@......@....@.@.@.@................@
.......@............@.@..........@..@...@.................@.........@...@..@..@....@..@@.....@@.@....@....@....@...@......@...@....@...@..@..@@.@...@...@@..@....@...@..@...@..@....@@....@.@........@.@...........@......@.@.........@@......@.......@.........
....@............@...............@...@....@.@..@.@.........@..@.@.....@....@.....@...@.@...@.@..........@........@........@.....@...@.....@......@@....@...@....@...@....@...@...@......@....@@..................@..........@...@...@.@@@@....@..........@@..@..
.....@.......@..@.@.@...@.@.@.@..@..@T@...@...@...@@.@.@..........@....@.....@@....@@.....@@...................@....@.@@..@..@.....@..@..@..@......@.@.@@@...@@....@....@@........@.@........@....@..@.@.........@..@.............@...@@....@....@.......@.....@
...................@..@........@..@@.@.................@@.....@.@...................@....@.@...@..@.@..@........@.....@.@................@..@@..@..@....@.@...@.......@...........@.@.......@@@....@.@@.@...@..@@....@..@.@....@.............@.@...@.........@@.
.@.@....@....@.@....@.@....@..@........@@...@...........@@....@@...@........@.......@......@.........@...@.@......@.@....@.@.....@....@....@.........@................@....@........@.@...@..@.......@......@....................@@@....@.@.......@.........@...
...@....@.@............................@...@@......@.......@@....@.....@.....@.....@....@......@@..@....@..@@...@..@...........@@T@.@.@...@..@@.....@@@.@.....@@@...@..@..@..@.@.@...@......@..@....@T@......@.@..........@..@@......@..............@.@@@@.@.@..
.................@@....@@...@..@..........@@......@..@...........@......@....@.......@.@..@...........@..@.@.@@....@@.........@..@@....@.@.........@.@@.@...@..@.....@.............@@@.@....@@@..@..@@............@@......@.@.@.......@.....@..................@
.........@@......@.@..@..@...@.....@..........@...@.@....@........@......@.....@.@.....@@.....@..@....@..@.........@......@@......@.......@.......@...@..@..@.@.@..@.....@...@...@..@T@...........@.@@............@......@........@....@@@.@........@.........@T
..@..@..@...........@......@.@....@....@@@......@.@.@........@.....@.@@.@...@.......@.@....@.@@.....@....@....@..................@@................@.....@@...................@......@@.....@...................@..@.......@.@...@........@..@@........@..@....@
@..@..................@....@..@......@...@@......................@.........@.@..........@@.......@@........@...@@@@.........@......@.@..@..@@@.@@..@..@..@@.@@@.@..@..@.......@.........@......@@@@...@....@.@......@..@....@.............@@...@@...@....@..@...
.@....@...@....@...@.....@....@......@.....@...@.....@@@.@.@..@....@.........@@.@....@...@....@@..@.......@..........@....@@.......@..........@....@........@@..........@...@.@.......................@.@@@..@.....@..@@.@.@.@...@@...@.@.@.@....@...@.....@....
....@@..........@..@@........@.@.....@....@@.......@......@..@........@..........@...@..@@@.@.....@@....@@@@......@@..@......@..@.@.@.@...@.@...................@........@......@........@......@....@...@....@...@..........@.....@@@...@...@@@...@...@..@.....
.........@...@@.......@....@@.....@.......@@.@..@...@.@..........@..@..@...@..@.@.........@@.......@..............@@........@...........@......@@@......@.............@........@......@.@....@.@......@@..@................@@..@@.......@@.@@............@......
........@@.....@...@..@........@...............@............@....@.@...........@@....@...@.@.@...............@@.....@....@....@.....@...@.@@....@@@.@..@...@.............@@.@................@..........@.@@..@...........@@............@....@..........@..@@...
....@............@..........@.@@.......@........@@...@@..@.@.....@...@..@.@@.@....@.@...........@...@.@.....@....@..@.@..@@......@.........@....@...@............@.@@......@..@.....@.@........@@@............@..@..@.................@.........@..@...@...@....
........@..@@.@.@.....@@....@........@@.......@@@....@...@.....@@.......@.@..@....@.....@..@.@.@......@.@.....@.@...@@...@.....@....@......@@......@........@@@@@T@......@.......@.@.@@.@..@.....@.@@@....@..@.....@......@.................@....@...@..@......@
.....@@@.@@@..........@@......@......@@@@..@...@@@.......................@.@..@...........@..@..........@.@.@..@.....@..@..@.@.......@.@.....@.....@.......@.....@.@..........@..@.@.....@..@.........@.......@..@..@.....@...@@.....@..........................
................@@.@..............@.@@.......@............@...@@.@.....@....@......@..............@.....@.@.....@......................@@.@.@.@..@@...........@......@....@....@.....@...@..................@.@.@....@.....@..@...@@..@....@..@......@..........
.@....@.@..........@...@....@.@........@........@....@@@.@@@....@..@...@..@.....@.............................@....@...@..@..@....@@@@....@.@...@..@@.@@...........@....@..@.............@.....@......@.......@..............@...@@........@...@@@..@..@@...@@.@
....@....@@........@..@..@@...@..@.....@@.....................@...................@@.....@...........@.@....@....@@..............@...@...@......@..@@.@.....@.........@.....@@.@......@....@...@@.@..@........@.@..@.....@.......@.....@@@..@...................
@@..@.@@.....@..@......@...............@.........@......@...@.@...@..@@@@@..@..@..@@..@@@@......@......@.....@...@@.............@T@.......@.......@......@.@........@@.@.@..@.@.....@.....@.....@.@.@......@..@.........@...@.........@T@.................@...@.
@.............@@...@....@..@@...@..@@@.......@@...........@.@...@@....@.@...@.@.........@................@..@.....@..@....@...@.@@@..@....@@.....@...@.@.............@............................@................@....@....@..@......@....@....@@.......@...@.
......@.....@@@..@.....@@.@....@...................@@@.......@.@T@..@...@.....@..........@.@..@...@.@.........@.......@............@@......@.....@......@....@@....@.....@...........@.@...........@.@........@......@...@.@....@.....@....@.........@........@.
......@@...@@......@....@..........@@@.@......@.....@...........@....@...@......@......@@..@.........................@..@..@......@..@.@@....@......@......@.@..@@..@..@....@.................@..@.@.@...........@..@..@.@.......@......@.............@@.....@..
..@...@....@@@.....@@..@..@.@.......@...@@....@......@@..@.....@@...@@.........@...@.....@.....@......@....@.......@@..@.....@...@@...@@..............@..............@.@...@.@.@.@..@..@.@......@...@.....@.@..@..@..............@@....@...@.........@...@@..@..
..@..@...@....@...@................@@.....@.......@.......@...@@.................@.@......@.....@@.@.....@@....@..............@......@@....@@..@..@.....@..........@.@@.@..........@..@.........@.........@....@.@.........@....@..@.@.@.........@..............
@..@..@......................@....@........@.@...@@.@@@...@..@...@....@.........@..@........@.......@......@..@............@......@@...........@@..@..@........@...@........@.....@..@......@@....@@..@@...@....@@..@..@@..@.@..@.......@......@..@.@...........
..@........@.........@..@..@@.....@......@...@.....@..@@.........@.@....@....@....@.@@....@..@...@@.....@........@.......@......@...............@@.....@...........@@........@....@....@@..@.....@...@.@.....@......@.....@...@...............@.@.@.......@.....
.@...@@.@.........@.....@....@..@.@...@........@...@......@.........@....@......@.@...............@.........@.................@@....................@@...@...............@.@.@............@@@@.....@.....@........@@.@@@@...@..@.......@...@.@@.@.....@@..@.....
.@...@...@.......................@....@@....@@.......@..@...@.....@....@....@.@@.@....@.@....@...@...@@..@................@.@....@.@@@.....@......@......@.@..@..@.@@....@..............@@...................@........@...@...@..@...@.....@.@......@......@.@@.
...........@...@....@....@......@@@@@...@....@............@.....@...@....@..@.@.........@......................@.........@...........@...@..........@.@.....@.....@.......@..@......@..@.............@....@@..@........@@.@............@........@@.....@........
...@........@...@.@...@........@......@@@@....@.....@@@...@......@@..............@..@.....@@..@..@@....@@........@....@............@@T@.......@.@..@.@@.....@.@......@..@..........@@...@..@.@..@...@....@.@..@@..........@.@.@.......@......@...@.......@@...@.
..@..@....@........@.@.@@........@.............@.....@......@...@................@....@..................@.......@@..@......@..@...@@@......@..@.......@..@...................@.....@...........@@....@......@..@.@..@........@@@............@@..@...@@.....@...
...@..............@@...@@...@...........@@...............@.....@.@.@..@@...@.@.....@............@..@.......@.@..@@........@.@..@@......@.@@.@@.@@@...@...@@........@....@.@@.@T@.....@..@...@....@.@@@......................@..@............@............@..@...
....@................@............@@........@@......@...@..................@.....@@.....@..@.........@.....@@...........@......@.@......@..@@..@.....@..@.....................@@@@@@......@@...@@........@..@.....@....@.....@.@.....@@........@..@.@...@@..@..@
..@@@..@.@............@@....@.....@.......@.@....@....@.@@.@...........@.@.....@@T@.......................@@...............@......@.....@....@@...@.@...@...@..............@.............@.@..........@@@....................@......@.@...@.....................
...@.....@.....@@..@@..@........@.@................@........@............@.@@@..@@.@.@..@@...@.....@.@@....@.@...@.........@......@.@......@....@......@..@.@....@....@.....@......@...@...@..........@.....@.@..@......@.....@...@.....@...@.....@@@..@..@...@@
.....@.@...........@............@@.@.@..@.@.....@.@@..@@..@......@..........@T@.@...@..@.........@.@.@.@..@..@..@....@.............@@....@.@.@.@......@@.......@.............@.........@@.@......@.............@....@@..@...@.......@.....................@..@@T
.............@.....@................@.@@........@..@@..@..@...@...@..@@......@..@...@.......@..@..............@........@@...@..@....@..@.........@.@@...@.@..............@.............@@@...@.....@.@...@..@...@.............@@@@..........@.@...@@@....@@@..@T
...@.............@..@.....@.............@.....@.....@@...@.......@.....@............@........@.@.....@......@.............@..........@.@.......@@..@.....@T@..@...@@..............@@.......@..@........@@.@......@@...@@......@..@..........@....@...@@@...@@.@T
.....@...@.......@..@...@...........@........@.@.@.@....@....@.......@@........................@.........@.......@..@@.....@.......@......@@............@.@.@@..@.@@...@.@....@...@..@.....@.@..@@@....@..@...............@.......@.....@..@@.........@........@
....@........@......@...@@....@.@.@....@.@.........@..@.................@.....@@........@.....@@.........@@.............@.@@@....@.......@......@...@.....@..........@@.@@.........................@@.........@.....@..@.@.....@....@.........@......@@@..@.@@..
.@.@....@@...@....@.......@.@.....@...@.......@.@..@.@.@.........@@......@............@.......@..@..@......@........@...@...@..@....................@.@.@......@....@@............@.@.........@@........@....@@...@.......@..@.@..@.........@.@.....@......@..@.
.@..@...@@........@...@@@.....@@.......@...........@....@.@.....@@.....@...........@.........@..@.@.@@@...@....@..........@...@...@........@@.........@@......@@...@@.....@.......@....@.@............@......@@...@..@....@..........@....@........@.....@@.....
@.....@......@.....@...@T@.@@..................@@....@.@...@..@....@.......@..............@.@.......@..@@@.@....@.............@.....@@@.@...........@....@...@.....@@...@.........@..@@@.........@.............@..@@.......@........@.......@.......@.@@....@...
..@.....@.....@..@...@.@@@..@.@..@........@......@....@.@......@..................@..@..@.......@.................@.@......@..@@.@...@@.....@..@.@.....@@....@..@.@@..@..@@@@.........@....@@@.@.......@....@@.@..@....@........@@........................@@@...
@..........@............@@...@......@.......@..@....@@@...................@@...............@@.........................@........@........@.@...............@....@....@.@@@@..@...@..@..@@.....@....@@..@......@......@......@............@....@...@.....@..@...@.
.......@@.@............@T@@..@.@..........@.........@..@...@.@@....@@.....@..@.....@............@..@...@@......@.............@..@@.....@T@.......@@.@@.@@.@..........@@@..@..@...@.@..@.......@..@...............@.@..@....@.............@.........@............
@..@@.@T@....@@@......@@@@@..@.....@....@...@...@.@..@.....@...@....@.....@..@.@.@@.@....@...@.....@...@..@...@.@@.@..@........@....@..@@.@@..@.@....@...............@.......@..............@@@...@..@....@@.........@....@.....@@..........@..@...@@.....@..@@.
....@@.@......@...............@....@@.........@......@..........@....@....@...........@........@..@.........@@...@.....................@...........@.........@@..@@....@........@..@...........@@.......@..@...@@.@.......@@..@...@.........@.@.@......@..@.....
..@.@..........@...@@@@@......@.........@.....@...@........................@.......@...@.....@...@T@..@..@..@...@.@...@.........@........@...@..@..@......@@...@.@......@..........@.@...@.............@@...............@............@.@.@.@................@..@
......@...@....@....@...@...@.....@.......@..@....@..@..@@@....@@.....@.@...@.@............@@.....@..@...@@.........@..@........@...@.@...@@..@.........@.......@.@..@.....@@.....@....@.@....@..@.@@.@.@.........@.....@......@@.........@..........@......@.@.
@.@.@@@....@......@....@..@.@.@.....@.@........@.@.@...@T@..........@.@..@...@.......@.@.........@......@......@...........@....@.......@..........@@..@@....@.....@@@...@@....@...@......@.@..@......@...@@@@.......@..........@......@.....@....@.....@.......
.......@...@....@....@............@....@.@.....@........@...@....@....@.......@.@......@@..................@.@........@...@@@@.........@...@..............@...............@.@......................@.........@@...@..@..@.@..........@..@@......@@...@@.@.@...@.
..@.@.@@@......@....@@....@@....@@...@........................@.....@..@..@..@......@..........@@..@...@.....@..@....@.......@...@............@.....@.......@..@.@@...@.......@.........@..@@.....@..@....@@.........@.....@.......@..........@.@...@..........@
.......@..@.@.@.....@..@@..@.....@........@....@.@.@..@........@.................@...@.@............@....@..............@@.@.........@..@.@..@....@@..@....@@.....@@.@......@.....@.@@....@..@..........@@@T@.@..@......@.......@.....@..@...@...@@.@@...@....@@
......@.....@@@............@..@......@.@......@.@.....@..........@.............@..@....@......@..@..@......@..@..@..............@@@@@..@...........@..@@..@...@@.@........@.@........@.@@..@...@.....@...@TT@........@..@.......@@.@.........@.@...@..@@..@.....
......@........@.@@...@............@..@@.................@.....@@..@.......................@...@@@......@...............@........@...@@@.@....@@..@.....@.....@.................@@.@...................@..@@...@@......@...........@....@.......@@.@.@.@.@......
.@.........@.@.....@.@.............@...@.@.....@......@...@.@.@..............@@...@.....@.@.@..@@..@...@.............@...@@............@@...............@....@......@...........@...@.@@.@..@..........@...@...............@.@.......@@..@..@.@@.@......@..@@...
..@...@..@..@...........@..@..@.......@..........@...@@..@........@..@......@.........................@.......@.@.@@.@.@.@................@..@.......@.@........@.@..@.@@@..@..@.......@@..@..@....@.@@...@.....@..@.@.@........@...@T@.@..........@..@.........
..............@...@......@....@......@@......@.........@....@.....@@@@@@..@.....@.....@@.@.....@...@@.@.......@..@@....@...@@...........@@.........@..@..@......@@.@@.@@..@@.....@................@......@@@.....@@........@..@.@....@.@..@....@...@@....@....@.
........@......@..@....@.....@@..@..@.....@................@@@..@@@@.@...........@...@@@.....@.@...@.@.........@.@...............@@..........@.......@..@...........@.@....@.@..@.@@..........@.@...@......@.......@.....@...@.......@..............@..@@@..@.@.
...@.......@......@@....@........@...@.@...@.@.......@....................@.................@......@.....@...@....@.@..@.@.........@...@.@.....@.@...@....@@.@...@.@....@..@............@@...............@@...@.@..@@@....@@..@@@......@......@...@.............
...........@.@@@.....@.....@....@.............@.@.......@.....@...@@...@.@@@....@.......@...@.@.@..@@@.@...@.....@.....@...@...@..@@......@.....@@....@...@..@...........@...@................@..@....@....@.@......@.......@.......@.............@.@........@@.
..@..@@...........@..@............@............@T@..@.......@.....@...@......@.....@....@...@..@.....@.@.........@...@...........@..@@..@..@...@.....@..@....@@...@.........@.@....@@.......@............@.@.....@..@........@....@@@....@....@....@..@.@@@...@.
....@..@....@@......@@.@.@..@.@..@T@.@.....@....@@.@.@....@.@.........@...@@....@@.@.@........@..@@.........@...................@@...........@@.......@@..@.....@@......@.........@@.....@.......@@........@......@....@@.....@.........@.@.@..@@..@.@.@@..@....
..@...@.@@..@@......@@........@...@......@....@....@.@..@......@....@.....@@...@............@@....@.............@.......@@@@.@.......@......@.....@...@@.@.@.........@......@............@@......@.@.......@...@.............................@@.@.........@....@
@....@..@@........@...........@........@...@..@....................@T@......@....@.@@...@.............@@....@@.....................@.....@......@@..@.........@.....@.@..@....@.@.@.....@...@................@.............@.....@...................@.@.......@
.@..@.@..@......@@..@@.@.....@@........@.....@..........@..........@@........@@@..@.@....@....@......@..........@@........@.........@.@.@......@@........................@.@.......@@....................@.@..@.@@...@....@..@@....@.....@....@.......@@@.@.@...
...@......@@.@..@......@......@@@...@@.....@....@.@..@.@......@..@.@....@....@..@...@.@@..................@.@......@.@...........@....@.......@@........@....@@.......@.@T@...@.@@..@@.@.....@.................@..@....@........@...........@@.........@@....@@.
.@.@..@@.....@.............@............@.......@@@.......@.@.......@@.@@.....@....@@@....@@...@....@@@......@.........@...@......@......@.........@....@.......@......@.@T@..@..@..........@.@..........@@..@..@.....@...@...@.@.....@...........@.@..@.@......
..........@...@.@...................@....@@.......@.@@.@..@..................@..@.@........@@.....@.............@......@..@@......@.............@@.@@@....@............@.@TT@@@.............@.@.........@..@@....@...............@.@@......@..@@@.....@@........
..@.@........@......@@....@@.@@...@.@.........@..@.@.........@...@.......@....@........@.......@...@@.......@..........@.@........@....@@@@..................@...........@@T@....@....@............@..@......@@....@.@...@......@@....@.@....@....@.@@@.........
.........@..@.....@.........@...@..........@@.@............@...@.@.@................@@..@..@.....@......@@..........@.@............@...@...@...@......@@@.........@.@.@...@T@.......@...@..@.@@.@.............@.......@@.@.@......@..@..@.....@.....@.@..@.@@.@.
..@......@..@.@.@.@@....@..@...@.@...@@@..........@............@@.......@.@.......@........@....@.....@@.......@.............@@....@.@@..@@.@..@.@...@...............@.@@..@........@@..@...@..@@...@@.@@@..@..@...@..@.@@.....@............@@.@.@@............@
......@..@....@.....@..@@..@.@.....@.............@..@.................@...@......@@@..@@....@......@.....@....@........@@@@@..........................@....@......@@@.......@.......@....................@........@@........@.@..@....@............@.@...@....@@
...........@.@.@..........@..@@.@....@..@@......................@............@...@.............@..........@............@......@..@....@.@..@.........@........@...@.....@.....@...@.......@....@...@..@..@....@.@...@...@.....@.............@.......@..@...@..@.
.......@.@......@..@@..@@...@..........@.............@........@........................@....@...@....@..........@.........@...@.........@@......@@..@........@.@....@...@@......@..@........@@.@@...@.@.@..@@........@@...@..@T@@...............@@..@....@......
..............@..@.@..................@......................@.....@.....@.....@.@..@......@@.........@....@.....@..@@....@@.@.@..@..@.@..@........@.....@.....@@.@..@...@.@.....@..@..............@...............@...@......@....@....@..@......@....@........
...@@...............@..............@.....@....@...@@.............@..@...@.@................@@...@@.@.@..@.....@.....@@...@............@@..........@....@...@.....@..@.....@......@....@.@.@......@................@...@.@.......................................
...@......@......@.@@..@.@.....@@..@...............@.........@@..@.....@...@.@......@.............@@...@.@.......@..@@..@@....@.@........@.......@..@@.@....@@.@..@..@...@...@....@...@@.............@@.@..@..@@...........@.......@...@......@...@......@......
......@...@............@...@....................@.......@..........@..@........@........@.@.@.......@..................@.....@...........@.@@.......@....@............@.........@..@...@...@@.@......@............@.....@.......@....@..@....@.@@.@@...@..@...@.
......@..........@@....@@...@..@..@@..@......@..@................@@..@..@...@......@@...@@.......@.@.......@..@@........@.......@..@...@.......@.....@@@..@@....@@.........@........@@@@@.....@....@.@...@.@.....@...@..@........@.......@.@.....@..........@...
@..@.@......@....@....@....@.@@........@...@..@.@@...............@..........@..@.@..@....................@...@@@@...@@........@.........@@...@......@....@..@...@.....@..@...@..........@............@@.@...@...............@.....@........@.................@..
...@.@@........@.@.....@.....@.....@........@..@...@..@...@.....@.@...@......@.@.....@@......@......@...@........@...............@@........@...@.@....@...@..@......@......@...........@...@.@.@@...@........@@@...@.@...............@...........@......@.......
..@@@.@.....@......@.......@@.@..@@@.@..@@@..................@.....@...@.@........@.....@@@@.......@.@.......@....@..@@......@..@....@...@.@.........@.....@.@@...@@...@..@..@...@........@.......@....@@..@..........@...@.@......@..@@....@...@@.@..@......@..
.@.........@.@....@............@...@.@@.....@.........@.....@...@....@.@..@.@..@.....@....@@@.....@...@......@.@..@.@.@.@.......@.@@..........@.@....@.......@@...@@...@.....................@..@...@....@......@.........@....@@......@@....@....@..@.@....@@@.
@.@@.............@..@.....@..@..@.............@...@.......................@...@.@@@.....@.@......@@...@@.....@.@.@.....@..@....@...@..@.@....@....@......@@.@@........@......@........@...@....@.....@.....@..@@..@.........@...@.....@@...@...........@....@..@
...@..@..@@...@@@....@@...@@....@.....@....@.......@@........@...@...............@...@@@@..@@@.@......@...@@.........................@.......@..@...@.@@........@...@......@@.@.@...@....@..@...@..@.....@.@..........@@@.@.............................@.@.....
....@@....@@........@.@@....@..@@.@...@.@@..@........@.@@...@@..@@@....@@@@.@......@.................................@@........@....@...@.@.........@..@.......@....@...@.....@.@............@..@....@.@..@......@...@..@......@@........@@.......@@..@.....@...
.....@....@...@..@......................@.@.@@...@.......................@....@...@@@....@.@.......@.......@.@..@..........@....@...@.@@.....@........@....@........@...@...@........@.......@.............@.......@.....@......@@..@..@.@..@....@T@.@...@.@..@.
..@.@..@@..............@.....@......@@..........@....@......@.....@...@.........@@..@.....@.....@........@....@......@..@....@@@@...............@@...............@..@.....@..........@......@.@@............@.....@.@......@..@.@.................@..........@@@
....@..@.@...@.@.@.....@.....@...............@....@....@@......@....@...........@...@........@...@.....@......@.@@...@@@@@@@.........@.@..@...@....@.......@...@@@..@@.@........@.....................@.@..@....@......@...@.....@....@..@.@........@....@@.....
@.@@@@.............@@..@.@.@......@.@.@@..........@....@.@.........@.....@......@.@...@...........................@.@..@T@@..@....@@......@@@....@@...@..@............@T@..@......@.@.@.@..@.......@.@....@.@@.....................@@...@...@..@.....@...@......
.......@..@....@.@..........@.@..@....@.............@........@....@..........@........@.....@..@.........@@@.....@.....@@T@.@.@..@.......@..........@...@...@.......@..@@.@........@.....@.....@..@..@.......@.@@.....@...@.@@...........@..@....@...@.......@..
.....@........@@.@............@..@@.@...........@......@.@.@..............@...@@..@@.....@.....@.@...@@.......@.........@@......@..@.......@.....@.............@...@....@..@..@...@T@.........@.....@........@@.....@........@....@......@...@....@.......@.....
@@@...@.......@@@...@....@............@@.@..@...@.......@........@@......@.........@.@.@@...@..@.........@.@.@..@...................@.@..@.....@.......@........@@......@.@@.....@T@.....@..........@.........@.....@.@..@.................@@....@T@......@.....
